http_interactions:
- request:
    method: get
    uri: https://api.gbif.org/v1/species/5231190/references?offset=0&limit=100
    body:
      encoding: ''
      string: ''
    headers:
      Accept-Encoding: gzip, deflate
      Accept: application/json, text/xml, application/xml, */*
      User-Agent: r-curl/3.3 crul/0.7.0 rOpenSci(rgbif/1.2.0)
      X-USER-AGENT: r-curl/3.3 crul/0.7.0 rOpenSci(rgbif/1.2.0)
  response:
    status:
      status_code: '200'
      message: OK
      explanation: Request fulfilled, document follows
    headers:
      status: HTTP/1.1 200 OK
      date: Tue, 26 Feb 2019 15:29:37 GMT
      content-type: application/json
      access-control-allow-origin: '*'
      access-control-allow-methods: HEAD, GET, POST, DELETE, PUT
      server: Jetty(9.3.z-SNAPSHOT)
      cache-control: public, max-age=3601
      x-varnish: 785350853 740756430
      age: '12'
      via: 1.1 varnish (Varnish/5.2)
      accept-ranges: bytes
      content-length: '3108'
      connection: keep-alive
    body:
      encoding: UTF-8
      string: '{"offset":0,"limit":100,"endOfRecords":true,"results":[{"taxonKey":5231190,"citation":"(1996)
        database, NODC Taxonomic Code","type":"taxon","source":"Catalogue of Life","sourceTaxonKey":132136870},{"taxonKey":5231190,"citation":"(2001)
        database, Comisión Nacional para el Conocimiento y Uso de la Biodiversidad","type":"vernacular","source":"Catalogue
        of Life","sourceTaxonKey":132136870},{"taxonKey":5231190,"citation":"(2003)
        database, http://www.menv.gouv.qc.ca/biodiversite/centre.htm","type":"vernacular","source":"Catalogue
        of Life","sourceTaxonKey":132136870},{"taxonKey":5231190,"citation":"(2005)
        website, AOU Check-List (07-2005)","type":"vernacular","source":"Catalogue
        of Life","sourceTaxonKey":132136870},{"taxonKey":5231190,"citation":"(2012)
        Zoonomen - Zoological Nomenclature Resource, 2011.02.19","type":"taxon","source":"Catalogue
        of Life","sourceTaxonKey":132136870},{"taxonKey":5231190,"citation":"Banks,
        R. C., R. W. McDiarmid, A. L. Gardner, and W. C. Starnes (2003) Checklist
        of Vertebrates of the United States, the U.S. Territories, and Canada","type":"taxon","source":"Catalogue
        of Life","sourceTaxonKey":132136870},{"taxonKey":5231190,"citation":"Banks,
        R. C., R. W. McDiarmid, A. L. Gardner, and W. C. Starnes, 2003: null. Checklist
        of Vertebrates of the United States, the U.S. Territories, and Canada.","source":"Integrated
        Taxonomic Information System (ITIS)","sourceTaxonKey":102101640},{"taxonKey":5231190,"citation":"Banks,
        R. C., R. W. McDiarmid, and A. L. Gardner (1987) Checklist of Vertebrates
        of the United States, the U.S. Territories, and Canada: Resource Publication,
        no. 166","type":"taxon","source":"Catalogue of Life","sourceTaxonKey":132136870},{"taxonKey":5231190,"citation":"Banks,
        R. C., R. W. McDiarmid, and A. L. Gardner, 1987: Checklist of Vertebrates
        of the United States, the U.S. Territories, and Canada. Resource Publication,
        no. 166. 79.","source":"Integrated Taxonomic Information System (ITIS)","sourceTaxonKey":102101640},{"taxonKey":5231190,"citation":"Gill,
        Frank, and Minturn Wright (2006) Birds of the World: Recommended English Names","type":"taxon","source":"Catalogue
        of Life","sourceTaxonKey":132136870},{"taxonKey":5231190,"citation":"Gill,
        Frank, and Minturn Wright (2006) Birds of the World: Recommended English Names","type":"vernacular","source":"Catalogue
        of Life","sourceTaxonKey":132136870},{"taxonKey":5231190,"citation":"Gill,
        Frank, and Minturn Wright, 2006: null. Birds of the World: Recommended English
        Names. ix + 259.","source":"Integrated Taxonomic Information System (ITIS)","sourceTaxonKey":102101640},{"taxonKey":5231190,"citation":"R.
        Restall,D. Ascanio,A. Rodr{\\''ıguez-Ferraro,Azpiroz, A.,A. Soto,C. Bosque
        (2006) Status and distribution of the House Sparrow (<i>Passer domesticus</i>)
        in Venezuela","type":"Journal Article","source":"Colaboraciones Americanas
        Sobre Aves","sourceTaxonKey":114130266},{"taxonKey":5231190,"citation":"SOF
        (2007) Holarktis Fåglar, version 2. SOF:s Taxonomikommittés officiella lista
        över Holarktis fåglar","source":"Dyntaxa. Svensk taxonomisk databas","sourceTaxonKey":101499069}]}'
  recorded_at: 2019-02-26 15:29:51 GMT
  recorded_with: vcr/0.2.6, webmockr/0.3.4
- request:
    method: get
    uri: https://api.gbif.org/v1/species/5231190/references?offset=0&limit=100
    body:
      encoding: ''
      string: ''
    headers:
      Accept-Encoding: gzip, deflate
      Accept: application/json, text/xml, application/xml, */*
      User-Agent: r-curl/3.3 crul/0.7.0 rOpenSci(rgbif/1.2.0)
      X-USER-AGENT: r-curl/3.3 crul/0.7.0 rOpenSci(rgbif/1.2.0)
  response:
    status:
      status_code: '200'
      message: OK
      explanation: Request fulfilled, document follows
    headers:
      status: HTTP/1.1 200 OK
      date: Tue, 26 Feb 2019 15:29:37 GMT
      content-type: application/json
      access-control-allow-origin: '*'
      access-control-allow-methods: HEAD, GET, POST, DELETE, PUT
      server: Jetty(9.3.z-SNAPSHOT)
      cache-control: public, max-age=3601
      x-varnish: 757171552 740756430
      age: '12'
      via: 1.1 varnish (Varnish/5.2)
      accept-ranges: bytes
      content-length: '3108'
      connection: keep-alive
    body:
      encoding: UTF-8
      string: '{"offset":0,"limit":100,"endOfRecords":true,"results":[{"taxonKey":5231190,"citation":"(1996)
        database, NODC Taxonomic Code","type":"taxon","source":"Catalogue of Life","sourceTaxonKey":132136870},{"taxonKey":5231190,"citation":"(2001)
        database, Comisión Nacional para el Conocimiento y Uso de la Biodiversidad","type":"vernacular","source":"Catalogue
        of Life","sourceTaxonKey":132136870},{"taxonKey":5231190,"citation":"(2003)
        database, http://www.menv.gouv.qc.ca/biodiversite/centre.htm","type":"vernacular","source":"Catalogue
        of Life","sourceTaxonKey":132136870},{"taxonKey":5231190,"citation":"(2005)
        website, AOU Check-List (07-2005)","type":"vernacular","source":"Catalogue
        of Life","sourceTaxonKey":132136870},{"taxonKey":5231190,"citation":"(2012)
        Zoonomen - Zoological Nomenclature Resource, 2011.02.19","type":"taxon","source":"Catalogue
        of Life","sourceTaxonKey":132136870},{"taxonKey":5231190,"citation":"Banks,
        R. C., R. W. McDiarmid, A. L. Gardner, and W. C. Starnes (2003) Checklist
        of Vertebrates of the United States, the U.S. Territories, and Canada","type":"taxon","source":"Catalogue
        of Life","sourceTaxonKey":132136870},{"taxonKey":5231190,"citation":"Banks,
        R. C., R. W. McDiarmid, A. L. Gardner, and W. C. Starnes, 2003: null. Checklist
        of Vertebrates of the United States, the U.S. Territories, and Canada.","source":"Integrated
        Taxonomic Information System (ITIS)","sourceTaxonKey":102101640},{"taxonKey":5231190,"citation":"Banks,
        R. C., R. W. McDiarmid, and A. L. Gardner (1987) Checklist of Vertebrates
        of the United States, the U.S. Territories, and Canada: Resource Publication,
        no. 166","type":"taxon","source":"Catalogue of Life","sourceTaxonKey":132136870},{"taxonKey":5231190,"citation":"Banks,
        R. C., R. W. McDiarmid, and A. L. Gardner, 1987: Checklist of Vertebrates
        of the United States, the U.S. Territories, and Canada. Resource Publication,
        no. 166. 79.","source":"Integrated Taxonomic Information System (ITIS)","sourceTaxonKey":102101640},{"taxonKey":5231190,"citation":"Gill,
        Frank, and Minturn Wright (2006) Birds of the World: Recommended English Names","type":"taxon","source":"Catalogue
        of Life","sourceTaxonKey":132136870},{"taxonKey":5231190,"citation":"Gill,
        Frank, and Minturn Wright (2006) Birds of the World: Recommended English Names","type":"vernacular","source":"Catalogue
        of Life","sourceTaxonKey":132136870},{"taxonKey":5231190,"citation":"Gill,
        Frank, and Minturn Wright, 2006: null. Birds of the World: Recommended English
        Names. ix + 259.","source":"Integrated Taxonomic Information System (ITIS)","sourceTaxonKey":102101640},{"taxonKey":5231190,"citation":"R.
        Restall,D. Ascanio,A. Rodr{\\''ıguez-Ferraro,Azpiroz, A.,A. Soto,C. Bosque
        (2006) Status and distribution of the House Sparrow (<i>Passer domesticus</i>)
        in Venezuela","type":"Journal Article","source":"Colaboraciones Americanas
        Sobre Aves","sourceTaxonKey":114130266},{"taxonKey":5231190,"citation":"SOF
        (2007) Holarktis Fåglar, version 2. SOF:s Taxonomikommittés officiella lista
        över Holarktis fåglar","source":"Dyntaxa. Svensk taxonomisk databas","sourceTaxonKey":101499069}]}'
  recorded_at: 2019-02-26 15:29:51 GMT
  recorded_with: vcr/0.2.6, webmockr/0.3.4
- request:
    method: get
    uri: https://api.gbif.org/v1/species/5231190/references?offset=0&limit=100
    body:
      encoding: ''
      string: ''
    headers:
      Accept-Encoding: gzip, deflate
      Accept: application/json, text/xml, application/xml, */*
      User-Agent: r-curl/3.3 crul/0.7.0 rOpenSci(rgbif/1.2.0)
      X-USER-AGENT: r-curl/3.3 crul/0.7.0 rOpenSci(rgbif/1.2.0)
  response:
    status:
      status_code: '200'
      message: OK
      explanation: Request fulfilled, document follows
    headers:
      status: HTTP/1.1 200 OK
      date: Tue, 26 Feb 2019 15:29:37 GMT
      content-type: application/json
      access-control-allow-origin: '*'
      access-control-allow-methods: HEAD, GET, POST, DELETE, PUT
      server: Jetty(9.3.z-SNAPSHOT)
      cache-control: public, max-age=3601
      x-varnish: 775356822 740756430
      age: '13'
      via: 1.1 varnish (Varnish/5.2)
      accept-ranges: bytes
      content-length: '3108'
      connection: keep-alive
    body:
      encoding: UTF-8
      string: '{"offset":0,"limit":100,"endOfRecords":true,"results":[{"taxonKey":5231190,"citation":"(1996)
        database, NODC Taxonomic Code","type":"taxon","source":"Catalogue of Life","sourceTaxonKey":132136870},{"taxonKey":5231190,"citation":"(2001)
        database, Comisión Nacional para el Conocimiento y Uso de la Biodiversidad","type":"vernacular","source":"Catalogue
        of Life","sourceTaxonKey":132136870},{"taxonKey":5231190,"citation":"(2003)
        database, http://www.menv.gouv.qc.ca/biodiversite/centre.htm","type":"vernacular","source":"Catalogue
        of Life","sourceTaxonKey":132136870},{"taxonKey":5231190,"citation":"(2005)
        website, AOU Check-List (07-2005)","type":"vernacular","source":"Catalogue
        of Life","sourceTaxonKey":132136870},{"taxonKey":5231190,"citation":"(2012)
        Zoonomen - Zoological Nomenclature Resource, 2011.02.19","type":"taxon","source":"Catalogue
        of Life","sourceTaxonKey":132136870},{"taxonKey":5231190,"citation":"Banks,
        R. C., R. W. McDiarmid, A. L. Gardner, and W. C. Starnes (2003) Checklist
        of Vertebrates of the United States, the U.S. Territories, and Canada","type":"taxon","source":"Catalogue
        of Life","sourceTaxonKey":132136870},{"taxonKey":5231190,"citation":"Banks,
        R. C., R. W. McDiarmid, A. L. Gardner, and W. C. Starnes, 2003: null. Checklist
        of Vertebrates of the United States, the U.S. Territories, and Canada.","source":"Integrated
        Taxonomic Information System (ITIS)","sourceTaxonKey":102101640},{"taxonKey":5231190,"citation":"Banks,
        R. C., R. W. McDiarmid, and A. L. Gardner (1987) Checklist of Vertebrates
        of the United States, the U.S. Territories, and Canada: Resource Publication,
        no. 166","type":"taxon","source":"Catalogue of Life","sourceTaxonKey":132136870},{"taxonKey":5231190,"citation":"Banks,
        R. C., R. W. McDiarmid, and A. L. Gardner, 1987: Checklist of Vertebrates
        of the United States, the U.S. Territories, and Canada. Resource Publication,
        no. 166. 79.","source":"Integrated Taxonomic Information System (ITIS)","sourceTaxonKey":102101640},{"taxonKey":5231190,"citation":"Gill,
        Frank, and Minturn Wright (2006) Birds of the World: Recommended English Names","type":"taxon","source":"Catalogue
        of Life","sourceTaxonKey":132136870},{"taxonKey":5231190,"citation":"Gill,
        Frank, and Minturn Wright (2006) Birds of the World: Recommended English Names","type":"vernacular","source":"Catalogue
        of Life","sourceTaxonKey":132136870},{"taxonKey":5231190,"citation":"Gill,
        Frank, and Minturn Wright, 2006: null. Birds of the World: Recommended English
        Names. ix + 259.","source":"Integrated Taxonomic Information System (ITIS)","sourceTaxonKey":102101640},{"taxonKey":5231190,"citation":"R.
        Restall,D. Ascanio,A. Rodr{\\''ıguez-Ferraro,Azpiroz, A.,A. Soto,C. Bosque
        (2006) Status and distribution of the House Sparrow (<i>Passer domesticus</i>)
        in Venezuela","type":"Journal Article","source":"Colaboraciones Americanas
        Sobre Aves","sourceTaxonKey":114130266},{"taxonKey":5231190,"citation":"SOF
        (2007) Holarktis Fåglar, version 2. SOF:s Taxonomikommittés officiella lista
        över Holarktis fåglar","source":"Dyntaxa. Svensk taxonomisk databas","sourceTaxonKey":101499069}]}'
  recorded_at: 2019-02-26 15:29:51 GMT
  recorded_with: vcr/0.2.6, webmockr/0.3.4
