http_interactions:
- request:
    method: get
    uri: https://api.gbif.org/v1/occurrence/counts/countries
    body:
      encoding: ''
      string: ''
    headers:
      Accept-Encoding: gzip, deflate
      Accept: application/json, text/xml, application/xml, */*
  response:
    status:
      status_code: '200'
      message: OK
      explanation: Request fulfilled, document follows
    headers:
      status: HTTP/1.1 200 OK
      content-type: application/json
    body:
      encoding: ''
      file: no
      string: '{"UNITED_STATES":952594350,"CANADA":155682667,"FRANCE":149610978,"AUSTRALIA":126381135,"SWEDEN":125185775,"UNITED_KINGDOM":122346729,"NETHERLANDS":94836715,"SPAIN":62728301,"GERMANY":54588729,"DENMARK":52632257,"NORWAY":48169717,"INDIA":40994738,"FINLAND":39471457,"BELGIUM":36359386,"SOUTH_AFRICA":36297667,"MEXICO":30311346,"BRAZIL":29335125,"COLOMBIA":25199866,"COSTA_RICA":24933318,"SWITZERLAND":22069754,"PORTUGAL":20147290,"TAIWAN":18027502,"NEW_ZEALAND":13154754,"ARGENTINA":12509958,"RUSSIAN_FEDERATION":12148080,"JAPAN":12029379,"CHINA":10354478,"ECUADOR":9657168,"CHILE":9246198,"AUSTRIA":9192520,"PERU":8366678,"POLAND":7781921,"ESTONIA":7705236,"PANAMA":7013979,"KOREA_SOUTH":6842311,"ITALY":6569254,"BELIZE":5923161,"ISRAEL":5080966,"THAILAND":4944001,"GUATEMALA":4184081,"IRELAND":4158455,"KENYA":3901166,"VENEZUELA":3870991,"PUERTO_RICO":3760791,"INDONESIA":3542941,"CZECH_REPUBLIC":3410915,"HONDURAS":3183195,"ANTARCTICA":3181741,"TURKEY":3127055,"MALAYSIA":3117100,"LUXEMBOURG":2971430,"GREECE":2734109,"PHILIPPINES":2425084,"UKRAINE":2337165,"TANZANIA":2310323,"BOLIVIA":2272377,"NAMIBIA":2111267,"MADAGASCAR":2107656,"PAPUA_NEW_GUINEA":2083841,"ICELAND":2076637,"UGANDA":1900924,"UNKNOWN":1840217,"CUBA":1835449,"NICARAGUA":1826829,"UNITED_ARAB_EMIRATES":1802360,"SRI_LANKA":1774924,"ALAND_ISLANDS":1548192,"PARAGUAY":1475995,"HONG_KONG":1466787,"URUGUAY":1392546,"SINGAPORE":1339269,"MOROCCO":1316941,"ISLE_OF_MAN":1263800,"ZIMBABWE":1262361,"HUNGARY":1257782,"CONGO_DEMOCRATIC_REPUBLIC":1237403,"SVALBARD_JAN_MAYEN":1175447,"BULGARIA":1146498,"NEPAL":1143567,"EL_SALVADOR":1133432,"LITHUANIA":1112683,"BENIN":1104458,"TRINIDAD_TOBAGO":1090485,"GEORGIA":1064209,"NIGERIA":1042782,"BAHAMAS":1024684,"ETHIOPIA":969976,"BOTSWANA":952391,"IRAN":927736,"NEW_CALEDONIA":922246,"ROMANIA":915120,"FRENCH_GUIANA":897650,"VIETNAM":849261,"GUYANA":844836,"CAMEROON":828760,"CROATIA":823139,"CAMBODIA":817582,"GHANA":816232,"JAMAICA":811030,"RÉUNION":808843,"DOMINICAN_REPUBLIC":804581,"SLOVENIA":802494,"VIRGIN_ISLANDS":790963,"MOZAMBIQUE":776417,"ZAMBIA":742978,"SLOVAKIA":740314,"AFGHANISTAN":714953,"SERBIA":704003,"GUADELOUPE":679130,"GREENLAND":678459,"GABON":669514,"BERMUDA":630028,"SENEGAL":628081,"FRENCH_POLYNESIA":587211,"PAKISTAN":586047,"MONGOLIA":574618,"BANGLADESH":562279,"LATVIA":556199,"SURINAME":555597,"CÔTE_DIVOIRE":543497,"EGYPT":542293,"GAMBIA":538387,"SAUDI_ARABIA":481711,"OMAN":462608,"KAZAKHSTAN":427888,"BHUTAN":427026,"BELARUS":425097,"AMERICAN_SAMOA":415511,"CYPRUS":406005,"MYANMAR":395349,"SOUTH_GEORGIA_SANDWICH_ISLANDS":373400,"FAROE_ISLANDS":366247,"FIJI":365998,"MALAWI":363251,"SWAZILAND":356670,"PALESTINIAN_TERRITORY":339559,"ANGOLA":329970,"ALGERIA":327843,"CURAÇAO":326730,"RWANDA":317703,"UNITED_STATES_OUTLYING_ISLANDS":297993,"KUWAIT":297009,"CAYMAN_ISLANDS":288960,"HAITI":272204,"LAO":266089,"AZERBAIJAN":259174,"BURKINA_FASO":257298,"FRENCH_SOUTHERN_TERRITORIES":255197,"NORTHERN_MARIANA_ISLANDS":253839,"SEYCHELLES":249995,"BONAIRE_SINT_EUSTATIUS_SABA":242422,"TUNISIA":242278,"GUINEA":240275,"ARUBA":235077,"SOLOMON_ISLANDS":234407,"ANGUILLA":230565,"MICRONESIA":224085,"FALKLAND_ISLANDS":222827,"MARTINIQUE":216516,"PALAU":216087,"ARMENIA":201011,"KYRGYZSTAN":195706,"VANUATU":194314,"HEARD_MCDONALD_ISLANDS":190734,"LIBERIA":187119,"KIRIBATI":173910,"GUAM":169957,"TONGA":158079,"SUDAN":156259,"MARSHALL_ISLANDS":155839,"BARBADOS":154100,"ANDORRA":153446,"CAPE_VERDE":152579,"MALI":148070,"SYRIA":141873,"WESTERN_SAHARA":141540,"MAURITANIA":139779,"CONGO":137936,"MAURITIUS":134211,"GRENADA":129238,"JERSEY":129225,"TOGO":127975,"LEBANON":124928,"LESOTHO":122691,"QATAR":120105,"JORDAN":118035,"YEMEN":118021,"UZBEKISTAN":117579,"MOLDOVA":117144,"CENTRAL_AFRICAN_REPUBLIC":117128,"EQUATORIAL_GUINEA":115534,"MACEDONIA":113393,"DOMINICA":108816,"IRAQ":108787,"BURUNDI":104766,"SIERRA_LEONE":104693,"NIGER":99907,"MONTENEGRO":97228,"TAJIKISTAN":93487,"MALDIVES":91878,"ALBANIA":86144,"SAINT_LUCIA":83772,"NIUE":82285,"MAYOTTE":81952,"TIMOR_LESTE":81074,"BOSNIA_HERZEGOVINA":79926,"GUINEA_BISSAU":76629,"CHAD":76419,"SAMOA":74182,"VIRGIN_ISLANDS_BRITISH":72296,"ANTIGUA_BARBUDA":72289,"NORFOLK_ISLAND":72136,"SAINT_MARTIN_FRENCH":71718,"SAO_TOME_PRINCIPE":71642,"GUERNSEY":71347,"MALTA":71112,"SOMALIA":68705,"SAINT_PIERRE_MIQUELON":66582,"COOK_ISLANDS":65281,"LIECHTENSTEIN":65006,"TURKS_CAICOS_ISLANDS":64021,"TOKELAU":62593,"LIBYA":60492,"SAINT_VINCENT_GRENADINES":58950,"KOREA_NORTH":56849,"BRUNEI_DARUSSALAM":53501,"WALLIS_FUTUNA":51575,"TURKMENISTAN":49611,"MONTSERRAT":47898,"COMOROS":46765,"CHRISTMAS_ISLAND":41609,"SAINT_KITTS_NEVIS":41184,"SAINT_HELENA_ASCENSION_TRISTAN_DA_CUNHA":38719,"SINT_MAARTEN":35711,"DJIBOUTI":34859,"BRITISH_INDIAN_OCEAN_TERRITORY":34444,"KOSOVO":30695,"ERITREA":27667,"MACAO":27547,"SOUTH_SUDAN":26884,"PITCAIRN":23037,"COCOS_ISLANDS":22855,"BAHRAIN":22413,"SAINT_BARTHÉLEMY":21151,"GIBRALTAR":18498,"BOUVET_ISLAND":12143,"TUVALU":9925,"MONACO":5915,"NAURU":5310,"VATICAN":2691,"SAN_MARINO":2527,"INTERNATIONAL_WATERS":143}'
  recorded_at: 2023-08-29 13:20:55 GMT
  recorded_with: vcr/1.2.0, webmockr/0.9.0
- request:
    method: get
    uri: https://api.gbif.org/v1/enumeration/country/
    body:
      encoding: ''
      string: ''
    headers:
      Accept-Encoding: gzip, deflate
      Accept: application/json, text/xml, application/xml, */*
  response:
    status:
      status_code: '200'
      message: OK
      explanation: Request fulfilled, document follows
    headers:
      status: HTTP/1.1 200 OK
      content-type: application/json
    body:
      encoding: ''
      file: no
      string: '[{"iso2":"AF","iso3":"AFG","isoNumerical":"4","title":"Afghanistan","gbifRegion":"ASIA","enumName":"AFGHANISTAN"},{"iso2":"AX","iso3":"ALA","isoNumerical":"248","title":"Åland
        Islands","gbifRegion":"EUROPE","enumName":"ALAND_ISLANDS"},{"iso2":"AL","iso3":"ALB","isoNumerical":"8","title":"Albania","gbifRegion":"EUROPE","enumName":"ALBANIA"},{"iso2":"DZ","iso3":"DZA","isoNumerical":"12","title":"Algeria","gbifRegion":"AFRICA","enumName":"ALGERIA"},{"iso2":"AS","iso3":"ASM","isoNumerical":"16","title":"American
        Samoa","gbifRegion":"OCEANIA","enumName":"AMERICAN_SAMOA"},{"iso2":"AD","iso3":"AND","isoNumerical":"20","title":"Andorra","gbifRegion":"EUROPE","enumName":"ANDORRA"},{"iso2":"AO","iso3":"AGO","isoNumerical":"24","title":"Angola","gbifRegion":"AFRICA","enumName":"ANGOLA"},{"iso2":"AI","iso3":"AIA","isoNumerical":"660","title":"Anguilla","gbifRegion":"LATIN_AMERICA","enumName":"ANGUILLA"},{"iso2":"AQ","iso3":"ATA","isoNumerical":"10","title":"Antarctica","gbifRegion":"ANTARCTICA","enumName":"ANTARCTICA"},{"iso2":"AG","iso3":"ATG","isoNumerical":"28","title":"Antigua
        and Barbuda","gbifRegion":"LATIN_AMERICA","enumName":"ANTIGUA_BARBUDA"},{"iso2":"AR","iso3":"ARG","isoNumerical":"32","title":"Argentina","gbifRegion":"LATIN_AMERICA","enumName":"ARGENTINA"},{"iso2":"AM","iso3":"ARM","isoNumerical":"51","title":"Armenia","gbifRegion":"EUROPE","enumName":"ARMENIA"},{"iso2":"AW","iso3":"ABW","isoNumerical":"533","title":"Aruba","gbifRegion":"LATIN_AMERICA","enumName":"ARUBA"},{"iso2":"AU","iso3":"AUS","isoNumerical":"36","title":"Australia","gbifRegion":"OCEANIA","enumName":"AUSTRALIA"},{"iso2":"AT","iso3":"AUT","isoNumerical":"40","title":"Austria","gbifRegion":"EUROPE","enumName":"AUSTRIA"},{"iso2":"AZ","iso3":"AZE","isoNumerical":"31","title":"Azerbaijan","gbifRegion":"EUROPE","enumName":"AZERBAIJAN"},{"iso2":"BS","iso3":"BHS","isoNumerical":"44","title":"Bahamas","gbifRegion":"LATIN_AMERICA","enumName":"BAHAMAS"},{"iso2":"BH","iso3":"BHR","isoNumerical":"48","title":"Bahrain","gbifRegion":"ASIA","enumName":"BAHRAIN"},{"iso2":"BD","iso3":"BGD","isoNumerical":"50","title":"Bangladesh","gbifRegion":"ASIA","enumName":"BANGLADESH"},{"iso2":"BB","iso3":"BRB","isoNumerical":"52","title":"Barbados","gbifRegion":"LATIN_AMERICA","enumName":"BARBADOS"},{"iso2":"BY","iso3":"BLR","isoNumerical":"112","title":"Belarus","gbifRegion":"EUROPE","enumName":"BELARUS"},{"iso2":"BE","iso3":"BEL","isoNumerical":"56","title":"Belgium","gbifRegion":"EUROPE","enumName":"BELGIUM"},{"iso2":"BZ","iso3":"BLZ","isoNumerical":"84","title":"Belize","gbifRegion":"LATIN_AMERICA","enumName":"BELIZE"},{"iso2":"BJ","iso3":"BEN","isoNumerical":"204","title":"Benin","gbifRegion":"AFRICA","enumName":"BENIN"},{"iso2":"BM","iso3":"BMU","isoNumerical":"60","title":"Bermuda","gbifRegion":"LATIN_AMERICA","enumName":"BERMUDA"},{"iso2":"BT","iso3":"BTN","isoNumerical":"64","title":"Bhutan","gbifRegion":"ASIA","enumName":"BHUTAN"},{"iso2":"BO","iso3":"BOL","isoNumerical":"68","title":"Bolivia
        (Plurinational State of)","gbifRegion":"LATIN_AMERICA","enumName":"BOLIVIA"},{"iso2":"BQ","iso3":"BES","isoNumerical":"535","title":"Bonaire,
        Sint Eustatius and Saba","gbifRegion":"LATIN_AMERICA","enumName":"BONAIRE_SINT_EUSTATIUS_SABA"},{"iso2":"BA","iso3":"BIH","isoNumerical":"70","title":"Bosnia
        and Herzegovina","gbifRegion":"EUROPE","enumName":"BOSNIA_HERZEGOVINA"},{"iso2":"BW","iso3":"BWA","isoNumerical":"72","title":"Botswana","gbifRegion":"AFRICA","enumName":"BOTSWANA"},{"iso2":"BV","iso3":"BVT","isoNumerical":"74","title":"Bouvet
        Island","gbifRegion":"ANTARCTICA","enumName":"BOUVET_ISLAND"},{"iso2":"BR","iso3":"BRA","isoNumerical":"76","title":"Brazil","gbifRegion":"LATIN_AMERICA","enumName":"BRAZIL"},{"iso2":"IO","iso3":"IOT","isoNumerical":"86","title":"British
        Indian Ocean Territory","gbifRegion":"ASIA","enumName":"BRITISH_INDIAN_OCEAN_TERRITORY"},{"iso2":"BN","iso3":"BRN","isoNumerical":"96","title":"Brunei
        Darussalam","gbifRegion":"ASIA","enumName":"BRUNEI_DARUSSALAM"},{"iso2":"BG","iso3":"BGR","isoNumerical":"100","title":"Bulgaria","gbifRegion":"EUROPE","enumName":"BULGARIA"},{"iso2":"BF","iso3":"BFA","isoNumerical":"854","title":"Burkina
        Faso","gbifRegion":"AFRICA","enumName":"BURKINA_FASO"},{"iso2":"BI","iso3":"BDI","isoNumerical":"108","title":"Burundi","gbifRegion":"AFRICA","enumName":"BURUNDI"},{"iso2":"KH","iso3":"KHM","isoNumerical":"116","title":"Cambodia","gbifRegion":"ASIA","enumName":"CAMBODIA"},{"iso2":"CM","iso3":"CMR","isoNumerical":"120","title":"Cameroon","gbifRegion":"AFRICA","enumName":"CAMEROON"},{"iso2":"CA","iso3":"CAN","isoNumerical":"124","title":"Canada","gbifRegion":"NORTH_AMERICA","enumName":"CANADA"},{"iso2":"CV","iso3":"CPV","isoNumerical":"132","title":"Cabo
        Verde","gbifRegion":"AFRICA","enumName":"CAPE_VERDE"},{"iso2":"KY","iso3":"CYM","isoNumerical":"136","title":"Cayman
        Islands","gbifRegion":"LATIN_AMERICA","enumName":"CAYMAN_ISLANDS"},{"iso2":"CF","iso3":"CAF","isoNumerical":"140","title":"Central
        African Republic","gbifRegion":"AFRICA","enumName":"CENTRAL_AFRICAN_REPUBLIC"},{"iso2":"TD","iso3":"TCD","isoNumerical":"148","title":"Chad","gbifRegion":"AFRICA","enumName":"CHAD"},{"iso2":"CL","iso3":"CHL","isoNumerical":"152","title":"Chile","gbifRegion":"LATIN_AMERICA","enumName":"CHILE"},{"iso2":"CN","iso3":"CHN","isoNumerical":"156","title":"China","gbifRegion":"ASIA","enumName":"CHINA"},{"iso2":"CX","iso3":"CXR","isoNumerical":"162","title":"Christmas
        Island","gbifRegion":"ASIA","enumName":"CHRISTMAS_ISLAND"},{"iso2":"CC","iso3":"CCK","isoNumerical":"166","title":"Cocos
        (Keeling) Islands","gbifRegion":"ASIA","enumName":"COCOS_ISLANDS"},{"iso2":"CO","iso3":"COL","isoNumerical":"170","title":"Colombia","gbifRegion":"LATIN_AMERICA","enumName":"COLOMBIA"},{"iso2":"KM","iso3":"COM","isoNumerical":"174","title":"Comoros","gbifRegion":"AFRICA","enumName":"COMOROS"},{"iso2":"CD","iso3":"COD","isoNumerical":"180","title":"Congo,
        Democratic Republic of the","gbifRegion":"AFRICA","enumName":"CONGO_DEMOCRATIC_REPUBLIC"},{"iso2":"CG","iso3":"COG","isoNumerical":"178","title":"Congo","gbifRegion":"AFRICA","enumName":"CONGO"},{"iso2":"CK","iso3":"COK","isoNumerical":"184","title":"Cook
        Islands","gbifRegion":"OCEANIA","enumName":"COOK_ISLANDS"},{"iso2":"CR","iso3":"CRI","isoNumerical":"188","title":"Costa
        Rica","gbifRegion":"LATIN_AMERICA","enumName":"COSTA_RICA"},{"iso2":"CI","iso3":"CIV","isoNumerical":"384","title":"Côte
        d’Ivoire","gbifRegion":"AFRICA","enumName":"CÔTE_DIVOIRE"},{"iso2":"HR","iso3":"HRV","isoNumerical":"191","title":"Croatia","gbifRegion":"EUROPE","enumName":"CROATIA"},{"iso2":"CU","iso3":"CUB","isoNumerical":"192","title":"Cuba","gbifRegion":"LATIN_AMERICA","enumName":"CUBA"},{"iso2":"CW","iso3":"CUW","isoNumerical":"531","title":"Curaçao","gbifRegion":"LATIN_AMERICA","enumName":"CURAÇAO"},{"iso2":"CY","iso3":"CYP","isoNumerical":"196","title":"Cyprus","gbifRegion":"EUROPE","enumName":"CYPRUS"},{"iso2":"CZ","iso3":"CZE","isoNumerical":"203","title":"Czechia","gbifRegion":"EUROPE","enumName":"CZECH_REPUBLIC"},{"iso2":"DK","iso3":"DNK","isoNumerical":"208","title":"Denmark","gbifRegion":"EUROPE","enumName":"DENMARK"},{"iso2":"DJ","iso3":"DJI","isoNumerical":"262","title":"Djibouti","gbifRegion":"AFRICA","enumName":"DJIBOUTI"},{"iso2":"DM","iso3":"DMA","isoNumerical":"212","title":"Dominica","gbifRegion":"LATIN_AMERICA","enumName":"DOMINICA"},{"iso2":"DO","iso3":"DOM","isoNumerical":"214","title":"Dominican
        Republic","gbifRegion":"LATIN_AMERICA","enumName":"DOMINICAN_REPUBLIC"},{"iso2":"EC","iso3":"ECU","isoNumerical":"218","title":"Ecuador","gbifRegion":"LATIN_AMERICA","enumName":"ECUADOR"},{"iso2":"EG","iso3":"EGY","isoNumerical":"818","title":"Egypt","gbifRegion":"AFRICA","enumName":"EGYPT"},{"iso2":"SV","iso3":"SLV","isoNumerical":"222","title":"El
        Salvador","gbifRegion":"LATIN_AMERICA","enumName":"EL_SALVADOR"},{"iso2":"GQ","iso3":"GNQ","isoNumerical":"226","title":"Equatorial
        Guinea","gbifRegion":"AFRICA","enumName":"EQUATORIAL_GUINEA"},{"iso2":"ER","iso3":"ERI","isoNumerical":"232","title":"Eritrea","gbifRegion":"AFRICA","enumName":"ERITREA"},{"iso2":"EE","iso3":"EST","isoNumerical":"233","title":"Estonia","gbifRegion":"EUROPE","enumName":"ESTONIA"},{"iso2":"ET","iso3":"ETH","isoNumerical":"231","title":"Ethiopia","gbifRegion":"AFRICA","enumName":"ETHIOPIA"},{"iso2":"FK","iso3":"FLK","isoNumerical":"238","title":"Falkland
        Islands (Malvinas)","gbifRegion":"LATIN_AMERICA","enumName":"FALKLAND_ISLANDS"},{"iso2":"FO","iso3":"FRO","isoNumerical":"234","title":"Faroe
        Islands","gbifRegion":"EUROPE","enumName":"FAROE_ISLANDS"},{"iso2":"FJ","iso3":"FJI","isoNumerical":"242","title":"Fiji","gbifRegion":"OCEANIA","enumName":"FIJI"},{"iso2":"FI","iso3":"FIN","isoNumerical":"246","title":"Finland","gbifRegion":"EUROPE","enumName":"FINLAND"},{"iso2":"FR","iso3":"FRA","isoNumerical":"250","title":"France","gbifRegion":"EUROPE","enumName":"FRANCE"},{"iso2":"GF","iso3":"GUF","isoNumerical":"254","title":"French
        Guiana","gbifRegion":"LATIN_AMERICA","enumName":"FRENCH_GUIANA"},{"iso2":"PF","iso3":"PYF","isoNumerical":"258","title":"French
        Polynesia","gbifRegion":"OCEANIA","enumName":"FRENCH_POLYNESIA"},{"iso2":"TF","iso3":"ATF","isoNumerical":"260","title":"French
        Southern Territories","gbifRegion":"ANTARCTICA","enumName":"FRENCH_SOUTHERN_TERRITORIES"},{"iso2":"GA","iso3":"GAB","isoNumerical":"266","title":"Gabon","gbifRegion":"AFRICA","enumName":"GABON"},{"iso2":"GM","iso3":"GMB","isoNumerical":"270","title":"Gambia","gbifRegion":"AFRICA","enumName":"GAMBIA"},{"iso2":"GE","iso3":"GEO","isoNumerical":"268","title":"Georgia","gbifRegion":"EUROPE","enumName":"GEORGIA"},{"iso2":"DE","iso3":"DEU","isoNumerical":"276","title":"Germany","gbifRegion":"EUROPE","enumName":"GERMANY"},{"iso2":"GH","iso3":"GHA","isoNumerical":"288","title":"Ghana","gbifRegion":"AFRICA","enumName":"GHANA"},{"iso2":"GI","iso3":"GIB","isoNumerical":"292","title":"Gibraltar","gbifRegion":"EUROPE","enumName":"GIBRALTAR"},{"iso2":"GR","iso3":"GRC","isoNumerical":"300","title":"Greece","gbifRegion":"EUROPE","enumName":"GREECE"},{"iso2":"GL","iso3":"GRL","isoNumerical":"304","title":"Greenland","gbifRegion":"NORTH_AMERICA","enumName":"GREENLAND"},{"iso2":"GD","iso3":"GRD","isoNumerical":"308","title":"Grenada","gbifRegion":"LATIN_AMERICA","enumName":"GRENADA"},{"iso2":"GP","iso3":"GLP","isoNumerical":"312","title":"Guadeloupe","gbifRegion":"LATIN_AMERICA","enumName":"GUADELOUPE"},{"iso2":"GU","iso3":"GUM","isoNumerical":"316","title":"Guam","gbifRegion":"OCEANIA","enumName":"GUAM"},{"iso2":"GT","iso3":"GTM","isoNumerical":"320","title":"Guatemala","gbifRegion":"LATIN_AMERICA","enumName":"GUATEMALA"},{"iso2":"GG","iso3":"GGY","isoNumerical":"831","title":"Guernsey","gbifRegion":"EUROPE","enumName":"GUERNSEY"},{"iso2":"GN","iso3":"GIN","isoNumerical":"324","title":"Guinea","gbifRegion":"AFRICA","enumName":"GUINEA"},{"iso2":"GW","iso3":"GNB","isoNumerical":"624","title":"Guinea-Bissau","gbifRegion":"AFRICA","enumName":"GUINEA_BISSAU"},{"iso2":"GY","iso3":"GUY","isoNumerical":"328","title":"Guyana","gbifRegion":"LATIN_AMERICA","enumName":"GUYANA"},{"iso2":"HT","iso3":"HTI","isoNumerical":"332","title":"Haiti","gbifRegion":"LATIN_AMERICA","enumName":"HAITI"},{"iso2":"HM","iso3":"HMD","isoNumerical":"334","title":"Heard
        Island and McDonald Islands","gbifRegion":"ANTARCTICA","enumName":"HEARD_MCDONALD_ISLANDS"},{"iso2":"VA","iso3":"VAT","isoNumerical":"336","title":"Holy
        See","gbifRegion":"EUROPE","enumName":"VATICAN"},{"iso2":"HN","iso3":"HND","isoNumerical":"340","title":"Honduras","gbifRegion":"LATIN_AMERICA","enumName":"HONDURAS"},{"iso2":"HK","iso3":"HKG","isoNumerical":"344","title":"Hong
        Kong","gbifRegion":"ASIA","enumName":"HONG_KONG"},{"iso2":"HU","iso3":"HUN","isoNumerical":"348","title":"Hungary","gbifRegion":"EUROPE","enumName":"HUNGARY"},{"iso2":"IS","iso3":"ISL","isoNumerical":"352","title":"Iceland","gbifRegion":"EUROPE","enumName":"ICELAND"},{"iso2":"IN","iso3":"IND","isoNumerical":"356","title":"India","gbifRegion":"ASIA","enumName":"INDIA"},{"iso2":"ID","iso3":"IDN","isoNumerical":"360","title":"Indonesia","gbifRegion":"ASIA","enumName":"INDONESIA"},{"iso2":"IR","iso3":"IRN","isoNumerical":"364","title":"Iran
        (Islamic Republic of)","gbifRegion":"ASIA","enumName":"IRAN"},{"iso2":"IQ","iso3":"IRQ","isoNumerical":"368","title":"Iraq","gbifRegion":"ASIA","enumName":"IRAQ"},{"iso2":"IE","iso3":"IRL","isoNumerical":"372","title":"Ireland","gbifRegion":"EUROPE","enumName":"IRELAND"},{"iso2":"IM","iso3":"IMN","isoNumerical":"833","title":"Isle
        of Man","gbifRegion":"EUROPE","enumName":"ISLE_OF_MAN"},{"iso2":"IL","iso3":"ISR","isoNumerical":"376","title":"Israel","gbifRegion":"EUROPE","enumName":"ISRAEL"},{"iso2":"IT","iso3":"ITA","isoNumerical":"380","title":"Italy","gbifRegion":"EUROPE","enumName":"ITALY"},{"iso2":"JM","iso3":"JAM","isoNumerical":"388","title":"Jamaica","gbifRegion":"LATIN_AMERICA","enumName":"JAMAICA"},{"iso2":"JP","iso3":"JPN","isoNumerical":"392","title":"Japan","gbifRegion":"ASIA","enumName":"JAPAN"},{"iso2":"JE","iso3":"JEY","isoNumerical":"832","title":"Jersey","gbifRegion":"EUROPE","enumName":"JERSEY"},{"iso2":"JO","iso3":"JOR","isoNumerical":"400","title":"Jordan","gbifRegion":"ASIA","enumName":"JORDAN"},{"iso2":"KZ","iso3":"KAZ","isoNumerical":"398","title":"Kazakhstan","gbifRegion":"EUROPE","enumName":"KAZAKHSTAN"},{"iso2":"KE","iso3":"KEN","isoNumerical":"404","title":"Kenya","gbifRegion":"AFRICA","enumName":"KENYA"},{"iso2":"KI","iso3":"KIR","isoNumerical":"296","title":"Kiribati","gbifRegion":"OCEANIA","enumName":"KIRIBATI"},{"iso2":"KP","iso3":"PRK","isoNumerical":"408","title":"Korea
        (Democratic People’s Republic of)","gbifRegion":"ASIA","enumName":"KOREA_NORTH"},{"iso2":"KR","iso3":"KOR","isoNumerical":"410","title":"Korea,
        Republic of","gbifRegion":"ASIA","enumName":"KOREA_SOUTH"},{"iso2":"KW","iso3":"KWT","isoNumerical":"414","title":"Kuwait","gbifRegion":"ASIA","enumName":"KUWAIT"},{"iso2":"KG","iso3":"KGZ","isoNumerical":"417","title":"Kyrgyzstan","gbifRegion":"EUROPE","enumName":"KYRGYZSTAN"},{"iso2":"LA","iso3":"LAO","isoNumerical":"418","title":"Lao
        People’s Democratic Republic","gbifRegion":"ASIA","enumName":"LAO"},{"iso2":"LV","iso3":"LVA","isoNumerical":"428","title":"Latvia","gbifRegion":"EUROPE","enumName":"LATVIA"},{"iso2":"LB","iso3":"LBN","isoNumerical":"422","title":"Lebanon","gbifRegion":"ASIA","enumName":"LEBANON"},{"iso2":"LS","iso3":"LSO","isoNumerical":"426","title":"Lesotho","gbifRegion":"AFRICA","enumName":"LESOTHO"},{"iso2":"LR","iso3":"LBR","isoNumerical":"430","title":"Liberia","gbifRegion":"AFRICA","enumName":"LIBERIA"},{"iso2":"LY","iso3":"LBY","isoNumerical":"434","title":"Libya","gbifRegion":"AFRICA","enumName":"LIBYA"},{"iso2":"LI","iso3":"LIE","isoNumerical":"438","title":"Liechtenstein","gbifRegion":"EUROPE","enumName":"LIECHTENSTEIN"},{"iso2":"LT","iso3":"LTU","isoNumerical":"440","title":"Lithuania","gbifRegion":"EUROPE","enumName":"LITHUANIA"},{"iso2":"LU","iso3":"LUX","isoNumerical":"442","title":"Luxembourg","gbifRegion":"EUROPE","enumName":"LUXEMBOURG"},{"iso2":"MO","iso3":"MAC","isoNumerical":"446","title":"Macao","gbifRegion":"ASIA","enumName":"MACAO"},{"iso2":"MK","iso3":"MKD","isoNumerical":"807","title":"North
        Macedonia","gbifRegion":"EUROPE","enumName":"MACEDONIA"},{"iso2":"MG","iso3":"MDG","isoNumerical":"450","title":"Madagascar","gbifRegion":"AFRICA","enumName":"MADAGASCAR"},{"iso2":"MW","iso3":"MWI","isoNumerical":"454","title":"Malawi","gbifRegion":"AFRICA","enumName":"MALAWI"},{"iso2":"MY","iso3":"MYS","isoNumerical":"458","title":"Malaysia","gbifRegion":"ASIA","enumName":"MALAYSIA"},{"iso2":"MV","iso3":"MDV","isoNumerical":"462","title":"Maldives","gbifRegion":"ASIA","enumName":"MALDIVES"},{"iso2":"ML","iso3":"MLI","isoNumerical":"466","title":"Mali","gbifRegion":"AFRICA","enumName":"MALI"},{"iso2":"MT","iso3":"MLT","isoNumerical":"470","title":"Malta","gbifRegion":"EUROPE","enumName":"MALTA"},{"iso2":"MH","iso3":"MHL","isoNumerical":"584","title":"Marshall
        Islands","gbifRegion":"OCEANIA","enumName":"MARSHALL_ISLANDS"},{"iso2":"MQ","iso3":"MTQ","isoNumerical":"474","title":"Martinique","gbifRegion":"LATIN_AMERICA","enumName":"MARTINIQUE"},{"iso2":"MR","iso3":"MRT","isoNumerical":"478","title":"Mauritania","gbifRegion":"AFRICA","enumName":"MAURITANIA"},{"iso2":"MU","iso3":"MUS","isoNumerical":"480","title":"Mauritius","gbifRegion":"AFRICA","enumName":"MAURITIUS"},{"iso2":"YT","iso3":"MYT","isoNumerical":"175","title":"Mayotte","gbifRegion":"AFRICA","enumName":"MAYOTTE"},{"iso2":"MX","iso3":"MEX","isoNumerical":"484","title":"Mexico","gbifRegion":"LATIN_AMERICA","enumName":"MEXICO"},{"iso2":"FM","iso3":"FSM","isoNumerical":"583","title":"Micronesia
        (Federated States of)","gbifRegion":"OCEANIA","enumName":"MICRONESIA"},{"iso2":"MD","iso3":"MDA","isoNumerical":"498","title":"Moldova,
        Republic of","gbifRegion":"EUROPE","enumName":"MOLDOVA"},{"iso2":"MC","iso3":"MCO","isoNumerical":"492","title":"Monaco","gbifRegion":"EUROPE","enumName":"MONACO"},{"iso2":"MN","iso3":"MNG","isoNumerical":"496","title":"Mongolia","gbifRegion":"ASIA","enumName":"MONGOLIA"},{"iso2":"ME","iso3":"MNE","isoNumerical":"499","title":"Montenegro","gbifRegion":"EUROPE","enumName":"MONTENEGRO"},{"iso2":"MS","iso3":"MSR","isoNumerical":"500","title":"Montserrat","gbifRegion":"LATIN_AMERICA","enumName":"MONTSERRAT"},{"iso2":"MA","iso3":"MAR","isoNumerical":"504","title":"Morocco","gbifRegion":"AFRICA","enumName":"MOROCCO"},{"iso2":"MZ","iso3":"MOZ","isoNumerical":"508","title":"Mozambique","gbifRegion":"AFRICA","enumName":"MOZAMBIQUE"},{"iso2":"MM","iso3":"MMR","isoNumerical":"104","title":"Myanmar","gbifRegion":"ASIA","enumName":"MYANMAR"},{"iso2":"NA","iso3":"NAM","isoNumerical":"516","title":"Namibia","gbifRegion":"AFRICA","enumName":"NAMIBIA"},{"iso2":"NR","iso3":"NRU","isoNumerical":"520","title":"Nauru","gbifRegion":"OCEANIA","enumName":"NAURU"},{"iso2":"NP","iso3":"NPL","isoNumerical":"524","title":"Nepal","gbifRegion":"ASIA","enumName":"NEPAL"},{"iso2":"NL","iso3":"NLD","isoNumerical":"528","title":"Netherlands","gbifRegion":"EUROPE","enumName":"NETHERLANDS"},{"iso2":"NC","iso3":"NCL","isoNumerical":"540","title":"New
        Caledonia","gbifRegion":"OCEANIA","enumName":"NEW_CALEDONIA"},{"iso2":"NZ","iso3":"NZL","isoNumerical":"554","title":"New
        Zealand","gbifRegion":"OCEANIA","enumName":"NEW_ZEALAND"},{"iso2":"NI","iso3":"NIC","isoNumerical":"558","title":"Nicaragua","gbifRegion":"LATIN_AMERICA","enumName":"NICARAGUA"},{"iso2":"NE","iso3":"NER","isoNumerical":"562","title":"Niger","gbifRegion":"AFRICA","enumName":"NIGER"},{"iso2":"NG","iso3":"NGA","isoNumerical":"566","title":"Nigeria","gbifRegion":"AFRICA","enumName":"NIGERIA"},{"iso2":"NU","iso3":"NIU","isoNumerical":"570","title":"Niue","gbifRegion":"OCEANIA","enumName":"NIUE"},{"iso2":"NF","iso3":"NFK","isoNumerical":"574","title":"Norfolk
        Island","gbifRegion":"OCEANIA","enumName":"NORFOLK_ISLAND"},{"iso2":"MP","iso3":"MNP","isoNumerical":"580","title":"Northern
        Mariana Islands","gbifRegion":"OCEANIA","enumName":"NORTHERN_MARIANA_ISLANDS"},{"iso2":"NO","iso3":"NOR","isoNumerical":"578","title":"Norway","gbifRegion":"EUROPE","enumName":"NORWAY"},{"iso2":"OM","iso3":"OMN","isoNumerical":"512","title":"Oman","gbifRegion":"ASIA","enumName":"OMAN"},{"iso2":"PK","iso3":"PAK","isoNumerical":"586","title":"Pakistan","gbifRegion":"ASIA","enumName":"PAKISTAN"},{"iso2":"PW","iso3":"PLW","isoNumerical":"585","title":"Palau","gbifRegion":"OCEANIA","enumName":"PALAU"},{"iso2":"PS","iso3":"PSE","isoNumerical":"275","title":"Palestine,
        State of","gbifRegion":"ASIA","enumName":"PALESTINIAN_TERRITORY"},{"iso2":"PA","iso3":"PAN","isoNumerical":"591","title":"Panama","gbifRegion":"LATIN_AMERICA","enumName":"PANAMA"},{"iso2":"PG","iso3":"PNG","isoNumerical":"598","title":"Papua
        New Guinea","gbifRegion":"OCEANIA","enumName":"PAPUA_NEW_GUINEA"},{"iso2":"PY","iso3":"PRY","isoNumerical":"600","title":"Paraguay","gbifRegion":"LATIN_AMERICA","enumName":"PARAGUAY"},{"iso2":"PE","iso3":"PER","isoNumerical":"604","title":"Peru","gbifRegion":"LATIN_AMERICA","enumName":"PERU"},{"iso2":"PH","iso3":"PHL","isoNumerical":"608","title":"Philippines","gbifRegion":"ASIA","enumName":"PHILIPPINES"},{"iso2":"PN","iso3":"PCN","isoNumerical":"612","title":"Pitcairn","gbifRegion":"OCEANIA","enumName":"PITCAIRN"},{"iso2":"PL","iso3":"POL","isoNumerical":"616","title":"Poland","gbifRegion":"EUROPE","enumName":"POLAND"},{"iso2":"PT","iso3":"PRT","isoNumerical":"620","title":"Portugal","gbifRegion":"EUROPE","enumName":"PORTUGAL"},{"iso2":"PR","iso3":"PRI","isoNumerical":"630","title":"Puerto
        Rico","gbifRegion":"LATIN_AMERICA","enumName":"PUERTO_RICO"},{"iso2":"QA","iso3":"QAT","isoNumerical":"634","title":"Qatar","gbifRegion":"ASIA","enumName":"QATAR"},{"iso2":"RE","iso3":"REU","isoNumerical":"638","title":"Réunion","gbifRegion":"AFRICA","enumName":"RÉUNION"},{"iso2":"RO","iso3":"ROU","isoNumerical":"642","title":"Romania","gbifRegion":"EUROPE","enumName":"ROMANIA"},{"iso2":"RU","iso3":"RUS","isoNumerical":"643","title":"Russian
        Federation","gbifRegion":"EUROPE","enumName":"RUSSIAN_FEDERATION"},{"iso2":"RW","iso3":"RWA","isoNumerical":"646","title":"Rwanda","gbifRegion":"AFRICA","enumName":"RWANDA"},{"iso2":"BL","iso3":"BLM","isoNumerical":"652","title":"Saint
        Barthélemy","gbifRegion":"LATIN_AMERICA","enumName":"SAINT_BARTHÉLEMY"},{"iso2":"SH","iso3":"SHN","isoNumerical":"654","title":"Saint
        Helena, Ascension and Tristan da Cunha","gbifRegion":"AFRICA","enumName":"SAINT_HELENA_ASCENSION_TRISTAN_DA_CUNHA"},{"iso2":"KN","iso3":"KNA","isoNumerical":"659","title":"Saint
        Kitts and Nevis","gbifRegion":"LATIN_AMERICA","enumName":"SAINT_KITTS_NEVIS"},{"iso2":"LC","iso3":"LCA","isoNumerical":"662","title":"Saint
        Lucia","gbifRegion":"LATIN_AMERICA","enumName":"SAINT_LUCIA"},{"iso2":"MF","iso3":"MAF","isoNumerical":"663","title":"Saint
        Martin (French part)","gbifRegion":"LATIN_AMERICA","enumName":"SAINT_MARTIN_FRENCH"},{"iso2":"PM","iso3":"SPM","isoNumerical":"666","title":"Saint
        Pierre and Miquelon","gbifRegion":"NORTH_AMERICA","enumName":"SAINT_PIERRE_MIQUELON"},{"iso2":"VC","iso3":"VCT","isoNumerical":"670","title":"Saint
        Vincent and the Grenadines","gbifRegion":"LATIN_AMERICA","enumName":"SAINT_VINCENT_GRENADINES"},{"iso2":"WS","iso3":"WSM","isoNumerical":"882","title":"Samoa","gbifRegion":"OCEANIA","enumName":"SAMOA"},{"iso2":"SM","iso3":"SMR","isoNumerical":"674","title":"San
        Marino","gbifRegion":"EUROPE","enumName":"SAN_MARINO"},{"iso2":"ST","iso3":"STP","isoNumerical":"678","title":"Sao
        Tome and Principe","gbifRegion":"AFRICA","enumName":"SAO_TOME_PRINCIPE"},{"iso2":"SA","iso3":"SAU","isoNumerical":"682","title":"Saudi
        Arabia","gbifRegion":"ASIA","enumName":"SAUDI_ARABIA"},{"iso2":"SN","iso3":"SEN","isoNumerical":"686","title":"Senegal","gbifRegion":"AFRICA","enumName":"SENEGAL"},{"iso2":"RS","iso3":"SRB","isoNumerical":"688","title":"Serbia","gbifRegion":"EUROPE","enumName":"SERBIA"},{"iso2":"SC","iso3":"SYC","isoNumerical":"690","title":"Seychelles","gbifRegion":"AFRICA","enumName":"SEYCHELLES"},{"iso2":"SL","iso3":"SLE","isoNumerical":"694","title":"Sierra
        Leone","gbifRegion":"AFRICA","enumName":"SIERRA_LEONE"},{"iso2":"SG","iso3":"SGP","isoNumerical":"702","title":"Singapore","gbifRegion":"ASIA","enumName":"SINGAPORE"},{"iso2":"SX","iso3":"SXM","isoNumerical":"534","title":"Sint
        Maarten (Dutch part)","gbifRegion":"LATIN_AMERICA","enumName":"SINT_MAARTEN"},{"iso2":"SK","iso3":"SVK","isoNumerical":"703","title":"Slovakia","gbifRegion":"EUROPE","enumName":"SLOVAKIA"},{"iso2":"SI","iso3":"SVN","isoNumerical":"705","title":"Slovenia","gbifRegion":"EUROPE","enumName":"SLOVENIA"},{"iso2":"SB","iso3":"SLB","isoNumerical":"90","title":"Solomon
        Islands","gbifRegion":"OCEANIA","enumName":"SOLOMON_ISLANDS"},{"iso2":"SO","iso3":"SOM","isoNumerical":"706","title":"Somalia","gbifRegion":"AFRICA","enumName":"SOMALIA"},{"iso2":"ZA","iso3":"ZAF","isoNumerical":"710","title":"South
        Africa","gbifRegion":"AFRICA","enumName":"SOUTH_AFRICA"},{"iso2":"GS","iso3":"SGS","isoNumerical":"239","title":"South
        Georgia and the South Sandwich Islands","gbifRegion":"ANTARCTICA","enumName":"SOUTH_GEORGIA_SANDWICH_ISLANDS"},{"iso2":"SS","iso3":"SSD","isoNumerical":"728","title":"South
        Sudan","gbifRegion":"AFRICA","enumName":"SOUTH_SUDAN"},{"iso2":"ES","iso3":"ESP","isoNumerical":"724","title":"Spain","gbifRegion":"EUROPE","enumName":"SPAIN"},{"iso2":"LK","iso3":"LKA","isoNumerical":"144","title":"Sri
        Lanka","gbifRegion":"ASIA","enumName":"SRI_LANKA"},{"iso2":"SD","iso3":"SDN","isoNumerical":"729","title":"Sudan","gbifRegion":"AFRICA","enumName":"SUDAN"},{"iso2":"SR","iso3":"SUR","isoNumerical":"740","title":"Suriname","gbifRegion":"LATIN_AMERICA","enumName":"SURINAME"},{"iso2":"SJ","iso3":"SJM","isoNumerical":"744","title":"Svalbard
        and Jan Mayen","gbifRegion":"EUROPE","enumName":"SVALBARD_JAN_MAYEN"},{"iso2":"SZ","iso3":"SWZ","isoNumerical":"748","title":"Eswatini","gbifRegion":"AFRICA","enumName":"SWAZILAND"},{"iso2":"SE","iso3":"SWE","isoNumerical":"752","title":"Sweden","gbifRegion":"EUROPE","enumName":"SWEDEN"},{"iso2":"CH","iso3":"CHE","isoNumerical":"756","title":"Switzerland","gbifRegion":"EUROPE","enumName":"SWITZERLAND"},{"iso2":"SY","iso3":"SYR","isoNumerical":"760","title":"Syrian
        Arab Republic","gbifRegion":"ASIA","enumName":"SYRIA"},{"iso2":"TW","iso3":"TWN","isoNumerical":"158","title":"Chinese
        Taipei","gbifRegion":"ASIA","enumName":"TAIWAN"},{"iso2":"TJ","iso3":"TJK","isoNumerical":"762","title":"Tajikistan","gbifRegion":"EUROPE","enumName":"TAJIKISTAN"},{"iso2":"TZ","iso3":"TZA","isoNumerical":"834","title":"Tanzania,
        United Republic of","gbifRegion":"AFRICA","enumName":"TANZANIA"},{"iso2":"TH","iso3":"THA","isoNumerical":"764","title":"Thailand","gbifRegion":"ASIA","enumName":"THAILAND"},{"iso2":"TL","iso3":"TLS","isoNumerical":"626","title":"Timor-Leste","gbifRegion":"ASIA","enumName":"TIMOR_LESTE"},{"iso2":"TG","iso3":"TGO","isoNumerical":"768","title":"Togo","gbifRegion":"AFRICA","enumName":"TOGO"},{"iso2":"TK","iso3":"TKL","isoNumerical":"772","title":"Tokelau","gbifRegion":"OCEANIA","enumName":"TOKELAU"},{"iso2":"TO","iso3":"TON","isoNumerical":"776","title":"Tonga","gbifRegion":"OCEANIA","enumName":"TONGA"},{"iso2":"TT","iso3":"TTO","isoNumerical":"780","title":"Trinidad
        and Tobago","gbifRegion":"LATIN_AMERICA","enumName":"TRINIDAD_TOBAGO"},{"iso2":"TN","iso3":"TUN","isoNumerical":"788","title":"Tunisia","gbifRegion":"AFRICA","enumName":"TUNISIA"},{"iso2":"TR","iso3":"TUR","isoNumerical":"792","title":"Türkiye","gbifRegion":"EUROPE","enumName":"TURKEY"},{"iso2":"TM","iso3":"TKM","isoNumerical":"795","title":"Turkmenistan","gbifRegion":"EUROPE","enumName":"TURKMENISTAN"},{"iso2":"TC","iso3":"TCA","isoNumerical":"796","title":"Turks
        and Caicos Islands","gbifRegion":"LATIN_AMERICA","enumName":"TURKS_CAICOS_ISLANDS"},{"iso2":"TV","iso3":"TUV","isoNumerical":"798","title":"Tuvalu","gbifRegion":"OCEANIA","enumName":"TUVALU"},{"iso2":"UG","iso3":"UGA","isoNumerical":"800","title":"Uganda","gbifRegion":"AFRICA","enumName":"UGANDA"},{"iso2":"UA","iso3":"UKR","isoNumerical":"804","title":"Ukraine","gbifRegion":"EUROPE","enumName":"UKRAINE"},{"iso2":"AE","iso3":"ARE","isoNumerical":"784","title":"United
        Arab Emirates","gbifRegion":"ASIA","enumName":"UNITED_ARAB_EMIRATES"},{"iso2":"GB","iso3":"GBR","isoNumerical":"826","title":"United
        Kingdom of Great Britain and Northern Ireland","gbifRegion":"EUROPE","enumName":"UNITED_KINGDOM"},{"iso2":"US","iso3":"USA","isoNumerical":"840","title":"United
        States of America","gbifRegion":"NORTH_AMERICA","enumName":"UNITED_STATES"},{"iso2":"UM","iso3":"UMI","isoNumerical":"581","title":"United
        States Minor Outlying Islands","gbifRegion":"OCEANIA","enumName":"UNITED_STATES_OUTLYING_ISLANDS"},{"iso2":"UY","iso3":"URY","isoNumerical":"858","title":"Uruguay","gbifRegion":"LATIN_AMERICA","enumName":"URUGUAY"},{"iso2":"UZ","iso3":"UZB","isoNumerical":"860","title":"Uzbekistan","gbifRegion":"EUROPE","enumName":"UZBEKISTAN"},{"iso2":"VU","iso3":"VUT","isoNumerical":"548","title":"Vanuatu","gbifRegion":"OCEANIA","enumName":"VANUATU"},{"iso2":"VE","iso3":"VEN","isoNumerical":"862","title":"Venezuela
        (Bolivarian Republic of)","gbifRegion":"LATIN_AMERICA","enumName":"VENEZUELA"},{"iso2":"VN","iso3":"VNM","isoNumerical":"704","title":"Viet
        Nam","gbifRegion":"ASIA","enumName":"VIETNAM"},{"iso2":"VG","iso3":"VGB","isoNumerical":"92","title":"Virgin
        Islands (British)","gbifRegion":"LATIN_AMERICA","enumName":"VIRGIN_ISLANDS_BRITISH"},{"iso2":"VI","iso3":"VIR","isoNumerical":"850","title":"Virgin
        Islands (U.S.)","gbifRegion":"LATIN_AMERICA","enumName":"VIRGIN_ISLANDS"},{"iso2":"WF","iso3":"WLF","isoNumerical":"876","title":"Wallis
        and Futuna","gbifRegion":"OCEANIA","enumName":"WALLIS_FUTUNA"},{"iso2":"EH","iso3":"ESH","isoNumerical":"732","title":"Western
        Sahara","gbifRegion":"AFRICA","enumName":"WESTERN_SAHARA"},{"iso2":"YE","iso3":"YEM","isoNumerical":"887","title":"Yemen","gbifRegion":"ASIA","enumName":"YEMEN"},{"iso2":"ZM","iso3":"ZMB","isoNumerical":"894","title":"Zambia","gbifRegion":"AFRICA","enumName":"ZAMBIA"},{"iso2":"ZW","iso3":"ZWE","isoNumerical":"716","title":"Zimbabwe","gbifRegion":"AFRICA","enumName":"ZIMBABWE"},{"iso2":"XK","iso3":"XKX","isoNumerical":"902","title":"Kosovo","gbifRegion":"EUROPE","enumName":"KOSOVO"}]'
  recorded_at: 2023-08-29 13:20:55 GMT
  recorded_with: vcr/1.2.0, webmockr/0.9.0
- request:
    method: get
    uri: https://api.gbif.org/v1/occurrence/counts/countries?publishingCountry=DK
    body:
      encoding: ''
      string: ''
    headers:
      Accept-Encoding: gzip, deflate
      Accept: application/json, text/xml, application/xml, */*
  response:
    status:
      status_code: '200'
      message: OK
      explanation: Request fulfilled, document follows
    headers:
      status: HTTP/1.1 200 OK
      content-type: application/json
    body:
      encoding: ''
      file: no
      string: '{"DENMARK":51217435,"LITHUANIA":439429,"PERU":333100,"GREENLAND":195426,"ECUADOR":158248,"COLOMBIA":61187,"BOLIVIA":53626,"MEXICO":52888,"GERMANY":38559,"FAROE_ISLANDS":36267,"TANZANIA":34975,"SWEDEN":33364,"UNKNOWN":26945,"THAILAND":22006,"ICELAND":15963,"NETHERLANDS":11612,"UNITED_STATES":10977,"FINLAND":8543,"SENEGAL":8144,"FRANCE":7907,"UNITED_KINGDOM":6496,"SPAIN":6344,"NORWAY":6294,"MOROCCO":6246,"PHILIPPINES":5894,"UGANDA":5362,"MALAYSIA":4640,"INDONESIA":4511,"ALGERIA":3909,"BRAZIL":3842,"AUSTRALIA":3654,"PAPUA_NEW_GUINEA":3616,"ITALY":3548,"INDIA":3423,"KENYA":3384,"MADAGASCAR":3362,"NIGERIA":3148,"NEW_ZEALAND":3081,"SOUTH_AFRICA":3018,"JAPAN":2975,"PORTUGAL":2664,"RUSSIAN_FEDERATION":2296,"GHANA":2274,"GREECE":2200,"ARGENTINA":2105,"COSTA_RICA":2077,"SRI_LANKA":2027,"BURKINA_FASO":1992,"VIRGIN_ISLANDS":1768,"CANADA":1752,"PANAMA":1709,"SLOVENIA":1583,"CHINA":1576,"POLAND":1569,"CONGO_DEMOCRATIC_REPUBLIC":1303,"BRUNEI_DARUSSALAM":1091,"TUNISIA":1090,"MAURITANIA":1079,"CHILE":1071,"SWITZERLAND":1019,"VENEZUELA":1015,"AUSTRIA":1007,"CZECH_REPUBLIC":996,"BELGIUM":928,"CAMEROON":797,"EGYPT":784,"SINGAPORE":773,"SOLOMON_ISLANDS":735,"BULGARIA":732,"GUINEA":710,"SUDAN":698,"TURKEY":693,"SVALBARD_JAN_MAYEN":693,"CROATIA":654,"AFGHANISTAN":650,"ANGOLA":622,"SAMOA":616,"SIERRA_LEONE":614,"SOUTH_SUDAN":579,"PUERTO_RICO":556,"GUYANA":546,"SLOVAKIA":531,"IRAN":494,"ZAMBIA":486,"MALI":460,"ROMANIA":456,"JAMAICA":434,"CÔTE_DIVOIRE":426,"HUNGARY":419,"LATVIA":385,"NEW_CALEDONIA":357,"TAIWAN":345,"ALAND_ISLANDS":321,"IRELAND":320,"LAO":306,"CUBA":306,"MALAWI":305,"LIBERIA":296,"SEYCHELLES":288,"KOREA_SOUTH":282,"MYANMAR":278,"ESTONIA":268,"FRENCH_POLYNESIA":247,"MAURITIUS":247,"TOGO":231,"CONGO":231,"NEPAL":230,"UKRAINE":227,"NAMIBIA":227,"BERMUDA":222,"FIJI":214,"BOTSWANA":211,"MOZAMBIQUE":208,"SAUDI_ARABIA":203,"CAMBODIA":201,"PAKISTAN":199,"GUINEA_BISSAU":192,"VIETNAM":190,"TRINIDAD_TOBAGO":188,"DOMINICAN_REPUBLIC":173,"SURINAME":171,"ZIMBABWE":165,"FRENCH_GUIANA":161,"GABON":157,"LIBYA":146,"URUGUAY":143,"ETHIOPIA":141,"CYPRUS":139,"ISRAEL":137,"VIRGIN_ISLANDS_BRITISH":136,"RÉUNION":136,"YEMEN":135,"QATAR":127,"WESTERN_SAHARA":125,"CHAD":124,"NIGER":124,"BANGLADESH":124,"OMAN":123,"GAMBIA":119,"CENTRAL_AFRICAN_REPUBLIC":119,"GEORGIA":115,"BURUNDI":108,"MONTENEGRO":104,"GUADELOUPE":104,"ANTARCTICA":102,"BAHRAIN":101,"EQUATORIAL_GUINEA":96,"LEBANON":95,"MALTA":93,"MACEDONIA":88,"BOSNIA_HERZEGOVINA":88,"SAO_TOME_PRINCIPE":84,"TURKMENISTAN":80,"CAPE_VERDE":80,"KAZAKHSTAN":75,"HONDURAS":75,"TONGA":73,"GUATEMALA":72,"SOMALIA":71,"NICARAGUA":71,"SYRIA":69,"SERBIA":69,"BAHAMAS":63,"SAINT_HELENA_ASCENSION_TRISTAN_DA_CUNHA":60,"MAYOTTE":56,"UZBEKISTAN":51,"IRAQ":51,"AZERBAIJAN":50,"BELIZE":46,"MALDIVES":45,"HONG_KONG":45,"BARBADOS":44,"FALKLAND_ISLANDS":43,"EL_SALVADOR":42,"PARAGUAY":41,"HAITI":41,"BENIN":38,"JORDAN":36,"BELARUS":36,"MICRONESIA":35,"MONGOLIA":34,"TAJIKISTAN":32,"SWAZILAND":31,"LUXEMBOURG":31,"PALAU":30,"KYRGYZSTAN":30,"PALESTINIAN_TERRITORY":29,"COOK_ISLANDS":29,"RWANDA":27,"MARTINIQUE":25,"LESOTHO":25,"UNITED_ARAB_EMIRATES":25,"VANUATU":23,"FRENCH_SOUTHERN_TERRITORIES":23,"ANDORRA":23,"ARMENIA":22,"KUWAIT":21,"COCOS_ISLANDS":20,"SAINT_KITTS_NEVIS":19,"ALBANIA":19,"CURAÇAO":18,"AMERICAN_SAMOA":18,"ANTIGUA_BARBUDA":18,"COMOROS":17,"ANGUILLA":17,"TURKS_CAICOS_ISLANDS":15,"SOUTH_GEORGIA_SANDWICH_ISLANDS":15,"GIBRALTAR":10,"SAINT_LUCIA":9,"KOREA_NORTH":8,"JERSEY":7,"MOLDOVA":6,"GUAM":6,"CHRISTMAS_ISLAND":5,"BHUTAN":5,"MARSHALL_ISLANDS":4,"GRENADA":4,"NORTHERN_MARIANA_ISLANDS":3,"LIECHTENSTEIN":3,"KIRIBATI":3,"DOMINICA":3,"KOSOVO":2,"UNITED_STATES_OUTLYING_ISLANDS":2,"ERITREA":2,"DJIBOUTI":2,"BONAIRE_SINT_EUSTATIUS_SABA":2,"SAINT_VINCENT_GRENADINES":1,"TIMOR_LESTE":1,"MACAO":1,"CAYMAN_ISLANDS":1,"ISLE_OF_MAN":1,"GUERNSEY":1,"BOUVET_ISLAND":1}'
  recorded_at: 2023-08-29 13:20:55 GMT
  recorded_with: vcr/1.2.0, webmockr/0.9.0
- request:
    method: get
    uri: https://api.gbif.org/v1/enumeration/country/
    body:
      encoding: ''
      string: ''
    headers:
      Accept-Encoding: gzip, deflate
      Accept: application/json, text/xml, application/xml, */*
  response:
    status:
      status_code: '200'
      message: OK
      explanation: Request fulfilled, document follows
    headers:
      status: HTTP/1.1 200 OK
      content-type: application/json
    body:
      encoding: ''
      file: no
      string: '[{"iso2":"AF","iso3":"AFG","isoNumerical":"4","title":"Afghanistan","gbifRegion":"ASIA","enumName":"AFGHANISTAN"},{"iso2":"AX","iso3":"ALA","isoNumerical":"248","title":"Åland
        Islands","gbifRegion":"EUROPE","enumName":"ALAND_ISLANDS"},{"iso2":"AL","iso3":"ALB","isoNumerical":"8","title":"Albania","gbifRegion":"EUROPE","enumName":"ALBANIA"},{"iso2":"DZ","iso3":"DZA","isoNumerical":"12","title":"Algeria","gbifRegion":"AFRICA","enumName":"ALGERIA"},{"iso2":"AS","iso3":"ASM","isoNumerical":"16","title":"American
        Samoa","gbifRegion":"OCEANIA","enumName":"AMERICAN_SAMOA"},{"iso2":"AD","iso3":"AND","isoNumerical":"20","title":"Andorra","gbifRegion":"EUROPE","enumName":"ANDORRA"},{"iso2":"AO","iso3":"AGO","isoNumerical":"24","title":"Angola","gbifRegion":"AFRICA","enumName":"ANGOLA"},{"iso2":"AI","iso3":"AIA","isoNumerical":"660","title":"Anguilla","gbifRegion":"LATIN_AMERICA","enumName":"ANGUILLA"},{"iso2":"AQ","iso3":"ATA","isoNumerical":"10","title":"Antarctica","gbifRegion":"ANTARCTICA","enumName":"ANTARCTICA"},{"iso2":"AG","iso3":"ATG","isoNumerical":"28","title":"Antigua
        and Barbuda","gbifRegion":"LATIN_AMERICA","enumName":"ANTIGUA_BARBUDA"},{"iso2":"AR","iso3":"ARG","isoNumerical":"32","title":"Argentina","gbifRegion":"LATIN_AMERICA","enumName":"ARGENTINA"},{"iso2":"AM","iso3":"ARM","isoNumerical":"51","title":"Armenia","gbifRegion":"EUROPE","enumName":"ARMENIA"},{"iso2":"AW","iso3":"ABW","isoNumerical":"533","title":"Aruba","gbifRegion":"LATIN_AMERICA","enumName":"ARUBA"},{"iso2":"AU","iso3":"AUS","isoNumerical":"36","title":"Australia","gbifRegion":"OCEANIA","enumName":"AUSTRALIA"},{"iso2":"AT","iso3":"AUT","isoNumerical":"40","title":"Austria","gbifRegion":"EUROPE","enumName":"AUSTRIA"},{"iso2":"AZ","iso3":"AZE","isoNumerical":"31","title":"Azerbaijan","gbifRegion":"EUROPE","enumName":"AZERBAIJAN"},{"iso2":"BS","iso3":"BHS","isoNumerical":"44","title":"Bahamas","gbifRegion":"LATIN_AMERICA","enumName":"BAHAMAS"},{"iso2":"BH","iso3":"BHR","isoNumerical":"48","title":"Bahrain","gbifRegion":"ASIA","enumName":"BAHRAIN"},{"iso2":"BD","iso3":"BGD","isoNumerical":"50","title":"Bangladesh","gbifRegion":"ASIA","enumName":"BANGLADESH"},{"iso2":"BB","iso3":"BRB","isoNumerical":"52","title":"Barbados","gbifRegion":"LATIN_AMERICA","enumName":"BARBADOS"},{"iso2":"BY","iso3":"BLR","isoNumerical":"112","title":"Belarus","gbifRegion":"EUROPE","enumName":"BELARUS"},{"iso2":"BE","iso3":"BEL","isoNumerical":"56","title":"Belgium","gbifRegion":"EUROPE","enumName":"BELGIUM"},{"iso2":"BZ","iso3":"BLZ","isoNumerical":"84","title":"Belize","gbifRegion":"LATIN_AMERICA","enumName":"BELIZE"},{"iso2":"BJ","iso3":"BEN","isoNumerical":"204","title":"Benin","gbifRegion":"AFRICA","enumName":"BENIN"},{"iso2":"BM","iso3":"BMU","isoNumerical":"60","title":"Bermuda","gbifRegion":"LATIN_AMERICA","enumName":"BERMUDA"},{"iso2":"BT","iso3":"BTN","isoNumerical":"64","title":"Bhutan","gbifRegion":"ASIA","enumName":"BHUTAN"},{"iso2":"BO","iso3":"BOL","isoNumerical":"68","title":"Bolivia
        (Plurinational State of)","gbifRegion":"LATIN_AMERICA","enumName":"BOLIVIA"},{"iso2":"BQ","iso3":"BES","isoNumerical":"535","title":"Bonaire,
        Sint Eustatius and Saba","gbifRegion":"LATIN_AMERICA","enumName":"BONAIRE_SINT_EUSTATIUS_SABA"},{"iso2":"BA","iso3":"BIH","isoNumerical":"70","title":"Bosnia
        and Herzegovina","gbifRegion":"EUROPE","enumName":"BOSNIA_HERZEGOVINA"},{"iso2":"BW","iso3":"BWA","isoNumerical":"72","title":"Botswana","gbifRegion":"AFRICA","enumName":"BOTSWANA"},{"iso2":"BV","iso3":"BVT","isoNumerical":"74","title":"Bouvet
        Island","gbifRegion":"ANTARCTICA","enumName":"BOUVET_ISLAND"},{"iso2":"BR","iso3":"BRA","isoNumerical":"76","title":"Brazil","gbifRegion":"LATIN_AMERICA","enumName":"BRAZIL"},{"iso2":"IO","iso3":"IOT","isoNumerical":"86","title":"British
        Indian Ocean Territory","gbifRegion":"ASIA","enumName":"BRITISH_INDIAN_OCEAN_TERRITORY"},{"iso2":"BN","iso3":"BRN","isoNumerical":"96","title":"Brunei
        Darussalam","gbifRegion":"ASIA","enumName":"BRUNEI_DARUSSALAM"},{"iso2":"BG","iso3":"BGR","isoNumerical":"100","title":"Bulgaria","gbifRegion":"EUROPE","enumName":"BULGARIA"},{"iso2":"BF","iso3":"BFA","isoNumerical":"854","title":"Burkina
        Faso","gbifRegion":"AFRICA","enumName":"BURKINA_FASO"},{"iso2":"BI","iso3":"BDI","isoNumerical":"108","title":"Burundi","gbifRegion":"AFRICA","enumName":"BURUNDI"},{"iso2":"KH","iso3":"KHM","isoNumerical":"116","title":"Cambodia","gbifRegion":"ASIA","enumName":"CAMBODIA"},{"iso2":"CM","iso3":"CMR","isoNumerical":"120","title":"Cameroon","gbifRegion":"AFRICA","enumName":"CAMEROON"},{"iso2":"CA","iso3":"CAN","isoNumerical":"124","title":"Canada","gbifRegion":"NORTH_AMERICA","enumName":"CANADA"},{"iso2":"CV","iso3":"CPV","isoNumerical":"132","title":"Cabo
        Verde","gbifRegion":"AFRICA","enumName":"CAPE_VERDE"},{"iso2":"KY","iso3":"CYM","isoNumerical":"136","title":"Cayman
        Islands","gbifRegion":"LATIN_AMERICA","enumName":"CAYMAN_ISLANDS"},{"iso2":"CF","iso3":"CAF","isoNumerical":"140","title":"Central
        African Republic","gbifRegion":"AFRICA","enumName":"CENTRAL_AFRICAN_REPUBLIC"},{"iso2":"TD","iso3":"TCD","isoNumerical":"148","title":"Chad","gbifRegion":"AFRICA","enumName":"CHAD"},{"iso2":"CL","iso3":"CHL","isoNumerical":"152","title":"Chile","gbifRegion":"LATIN_AMERICA","enumName":"CHILE"},{"iso2":"CN","iso3":"CHN","isoNumerical":"156","title":"China","gbifRegion":"ASIA","enumName":"CHINA"},{"iso2":"CX","iso3":"CXR","isoNumerical":"162","title":"Christmas
        Island","gbifRegion":"ASIA","enumName":"CHRISTMAS_ISLAND"},{"iso2":"CC","iso3":"CCK","isoNumerical":"166","title":"Cocos
        (Keeling) Islands","gbifRegion":"ASIA","enumName":"COCOS_ISLANDS"},{"iso2":"CO","iso3":"COL","isoNumerical":"170","title":"Colombia","gbifRegion":"LATIN_AMERICA","enumName":"COLOMBIA"},{"iso2":"KM","iso3":"COM","isoNumerical":"174","title":"Comoros","gbifRegion":"AFRICA","enumName":"COMOROS"},{"iso2":"CD","iso3":"COD","isoNumerical":"180","title":"Congo,
        Democratic Republic of the","gbifRegion":"AFRICA","enumName":"CONGO_DEMOCRATIC_REPUBLIC"},{"iso2":"CG","iso3":"COG","isoNumerical":"178","title":"Congo","gbifRegion":"AFRICA","enumName":"CONGO"},{"iso2":"CK","iso3":"COK","isoNumerical":"184","title":"Cook
        Islands","gbifRegion":"OCEANIA","enumName":"COOK_ISLANDS"},{"iso2":"CR","iso3":"CRI","isoNumerical":"188","title":"Costa
        Rica","gbifRegion":"LATIN_AMERICA","enumName":"COSTA_RICA"},{"iso2":"CI","iso3":"CIV","isoNumerical":"384","title":"Côte
        d’Ivoire","gbifRegion":"AFRICA","enumName":"CÔTE_DIVOIRE"},{"iso2":"HR","iso3":"HRV","isoNumerical":"191","title":"Croatia","gbifRegion":"EUROPE","enumName":"CROATIA"},{"iso2":"CU","iso3":"CUB","isoNumerical":"192","title":"Cuba","gbifRegion":"LATIN_AMERICA","enumName":"CUBA"},{"iso2":"CW","iso3":"CUW","isoNumerical":"531","title":"Curaçao","gbifRegion":"LATIN_AMERICA","enumName":"CURAÇAO"},{"iso2":"CY","iso3":"CYP","isoNumerical":"196","title":"Cyprus","gbifRegion":"EUROPE","enumName":"CYPRUS"},{"iso2":"CZ","iso3":"CZE","isoNumerical":"203","title":"Czechia","gbifRegion":"EUROPE","enumName":"CZECH_REPUBLIC"},{"iso2":"DK","iso3":"DNK","isoNumerical":"208","title":"Denmark","gbifRegion":"EUROPE","enumName":"DENMARK"},{"iso2":"DJ","iso3":"DJI","isoNumerical":"262","title":"Djibouti","gbifRegion":"AFRICA","enumName":"DJIBOUTI"},{"iso2":"DM","iso3":"DMA","isoNumerical":"212","title":"Dominica","gbifRegion":"LATIN_AMERICA","enumName":"DOMINICA"},{"iso2":"DO","iso3":"DOM","isoNumerical":"214","title":"Dominican
        Republic","gbifRegion":"LATIN_AMERICA","enumName":"DOMINICAN_REPUBLIC"},{"iso2":"EC","iso3":"ECU","isoNumerical":"218","title":"Ecuador","gbifRegion":"LATIN_AMERICA","enumName":"ECUADOR"},{"iso2":"EG","iso3":"EGY","isoNumerical":"818","title":"Egypt","gbifRegion":"AFRICA","enumName":"EGYPT"},{"iso2":"SV","iso3":"SLV","isoNumerical":"222","title":"El
        Salvador","gbifRegion":"LATIN_AMERICA","enumName":"EL_SALVADOR"},{"iso2":"GQ","iso3":"GNQ","isoNumerical":"226","title":"Equatorial
        Guinea","gbifRegion":"AFRICA","enumName":"EQUATORIAL_GUINEA"},{"iso2":"ER","iso3":"ERI","isoNumerical":"232","title":"Eritrea","gbifRegion":"AFRICA","enumName":"ERITREA"},{"iso2":"EE","iso3":"EST","isoNumerical":"233","title":"Estonia","gbifRegion":"EUROPE","enumName":"ESTONIA"},{"iso2":"ET","iso3":"ETH","isoNumerical":"231","title":"Ethiopia","gbifRegion":"AFRICA","enumName":"ETHIOPIA"},{"iso2":"FK","iso3":"FLK","isoNumerical":"238","title":"Falkland
        Islands (Malvinas)","gbifRegion":"LATIN_AMERICA","enumName":"FALKLAND_ISLANDS"},{"iso2":"FO","iso3":"FRO","isoNumerical":"234","title":"Faroe
        Islands","gbifRegion":"EUROPE","enumName":"FAROE_ISLANDS"},{"iso2":"FJ","iso3":"FJI","isoNumerical":"242","title":"Fiji","gbifRegion":"OCEANIA","enumName":"FIJI"},{"iso2":"FI","iso3":"FIN","isoNumerical":"246","title":"Finland","gbifRegion":"EUROPE","enumName":"FINLAND"},{"iso2":"FR","iso3":"FRA","isoNumerical":"250","title":"France","gbifRegion":"EUROPE","enumName":"FRANCE"},{"iso2":"GF","iso3":"GUF","isoNumerical":"254","title":"French
        Guiana","gbifRegion":"LATIN_AMERICA","enumName":"FRENCH_GUIANA"},{"iso2":"PF","iso3":"PYF","isoNumerical":"258","title":"French
        Polynesia","gbifRegion":"OCEANIA","enumName":"FRENCH_POLYNESIA"},{"iso2":"TF","iso3":"ATF","isoNumerical":"260","title":"French
        Southern Territories","gbifRegion":"ANTARCTICA","enumName":"FRENCH_SOUTHERN_TERRITORIES"},{"iso2":"GA","iso3":"GAB","isoNumerical":"266","title":"Gabon","gbifRegion":"AFRICA","enumName":"GABON"},{"iso2":"GM","iso3":"GMB","isoNumerical":"270","title":"Gambia","gbifRegion":"AFRICA","enumName":"GAMBIA"},{"iso2":"GE","iso3":"GEO","isoNumerical":"268","title":"Georgia","gbifRegion":"EUROPE","enumName":"GEORGIA"},{"iso2":"DE","iso3":"DEU","isoNumerical":"276","title":"Germany","gbifRegion":"EUROPE","enumName":"GERMANY"},{"iso2":"GH","iso3":"GHA","isoNumerical":"288","title":"Ghana","gbifRegion":"AFRICA","enumName":"GHANA"},{"iso2":"GI","iso3":"GIB","isoNumerical":"292","title":"Gibraltar","gbifRegion":"EUROPE","enumName":"GIBRALTAR"},{"iso2":"GR","iso3":"GRC","isoNumerical":"300","title":"Greece","gbifRegion":"EUROPE","enumName":"GREECE"},{"iso2":"GL","iso3":"GRL","isoNumerical":"304","title":"Greenland","gbifRegion":"NORTH_AMERICA","enumName":"GREENLAND"},{"iso2":"GD","iso3":"GRD","isoNumerical":"308","title":"Grenada","gbifRegion":"LATIN_AMERICA","enumName":"GRENADA"},{"iso2":"GP","iso3":"GLP","isoNumerical":"312","title":"Guadeloupe","gbifRegion":"LATIN_AMERICA","enumName":"GUADELOUPE"},{"iso2":"GU","iso3":"GUM","isoNumerical":"316","title":"Guam","gbifRegion":"OCEANIA","enumName":"GUAM"},{"iso2":"GT","iso3":"GTM","isoNumerical":"320","title":"Guatemala","gbifRegion":"LATIN_AMERICA","enumName":"GUATEMALA"},{"iso2":"GG","iso3":"GGY","isoNumerical":"831","title":"Guernsey","gbifRegion":"EUROPE","enumName":"GUERNSEY"},{"iso2":"GN","iso3":"GIN","isoNumerical":"324","title":"Guinea","gbifRegion":"AFRICA","enumName":"GUINEA"},{"iso2":"GW","iso3":"GNB","isoNumerical":"624","title":"Guinea-Bissau","gbifRegion":"AFRICA","enumName":"GUINEA_BISSAU"},{"iso2":"GY","iso3":"GUY","isoNumerical":"328","title":"Guyana","gbifRegion":"LATIN_AMERICA","enumName":"GUYANA"},{"iso2":"HT","iso3":"HTI","isoNumerical":"332","title":"Haiti","gbifRegion":"LATIN_AMERICA","enumName":"HAITI"},{"iso2":"HM","iso3":"HMD","isoNumerical":"334","title":"Heard
        Island and McDonald Islands","gbifRegion":"ANTARCTICA","enumName":"HEARD_MCDONALD_ISLANDS"},{"iso2":"VA","iso3":"VAT","isoNumerical":"336","title":"Holy
        See","gbifRegion":"EUROPE","enumName":"VATICAN"},{"iso2":"HN","iso3":"HND","isoNumerical":"340","title":"Honduras","gbifRegion":"LATIN_AMERICA","enumName":"HONDURAS"},{"iso2":"HK","iso3":"HKG","isoNumerical":"344","title":"Hong
        Kong","gbifRegion":"ASIA","enumName":"HONG_KONG"},{"iso2":"HU","iso3":"HUN","isoNumerical":"348","title":"Hungary","gbifRegion":"EUROPE","enumName":"HUNGARY"},{"iso2":"IS","iso3":"ISL","isoNumerical":"352","title":"Iceland","gbifRegion":"EUROPE","enumName":"ICELAND"},{"iso2":"IN","iso3":"IND","isoNumerical":"356","title":"India","gbifRegion":"ASIA","enumName":"INDIA"},{"iso2":"ID","iso3":"IDN","isoNumerical":"360","title":"Indonesia","gbifRegion":"ASIA","enumName":"INDONESIA"},{"iso2":"IR","iso3":"IRN","isoNumerical":"364","title":"Iran
        (Islamic Republic of)","gbifRegion":"ASIA","enumName":"IRAN"},{"iso2":"IQ","iso3":"IRQ","isoNumerical":"368","title":"Iraq","gbifRegion":"ASIA","enumName":"IRAQ"},{"iso2":"IE","iso3":"IRL","isoNumerical":"372","title":"Ireland","gbifRegion":"EUROPE","enumName":"IRELAND"},{"iso2":"IM","iso3":"IMN","isoNumerical":"833","title":"Isle
        of Man","gbifRegion":"EUROPE","enumName":"ISLE_OF_MAN"},{"iso2":"IL","iso3":"ISR","isoNumerical":"376","title":"Israel","gbifRegion":"EUROPE","enumName":"ISRAEL"},{"iso2":"IT","iso3":"ITA","isoNumerical":"380","title":"Italy","gbifRegion":"EUROPE","enumName":"ITALY"},{"iso2":"JM","iso3":"JAM","isoNumerical":"388","title":"Jamaica","gbifRegion":"LATIN_AMERICA","enumName":"JAMAICA"},{"iso2":"JP","iso3":"JPN","isoNumerical":"392","title":"Japan","gbifRegion":"ASIA","enumName":"JAPAN"},{"iso2":"JE","iso3":"JEY","isoNumerical":"832","title":"Jersey","gbifRegion":"EUROPE","enumName":"JERSEY"},{"iso2":"JO","iso3":"JOR","isoNumerical":"400","title":"Jordan","gbifRegion":"ASIA","enumName":"JORDAN"},{"iso2":"KZ","iso3":"KAZ","isoNumerical":"398","title":"Kazakhstan","gbifRegion":"EUROPE","enumName":"KAZAKHSTAN"},{"iso2":"KE","iso3":"KEN","isoNumerical":"404","title":"Kenya","gbifRegion":"AFRICA","enumName":"KENYA"},{"iso2":"KI","iso3":"KIR","isoNumerical":"296","title":"Kiribati","gbifRegion":"OCEANIA","enumName":"KIRIBATI"},{"iso2":"KP","iso3":"PRK","isoNumerical":"408","title":"Korea
        (Democratic People’s Republic of)","gbifRegion":"ASIA","enumName":"KOREA_NORTH"},{"iso2":"KR","iso3":"KOR","isoNumerical":"410","title":"Korea,
        Republic of","gbifRegion":"ASIA","enumName":"KOREA_SOUTH"},{"iso2":"KW","iso3":"KWT","isoNumerical":"414","title":"Kuwait","gbifRegion":"ASIA","enumName":"KUWAIT"},{"iso2":"KG","iso3":"KGZ","isoNumerical":"417","title":"Kyrgyzstan","gbifRegion":"EUROPE","enumName":"KYRGYZSTAN"},{"iso2":"LA","iso3":"LAO","isoNumerical":"418","title":"Lao
        People’s Democratic Republic","gbifRegion":"ASIA","enumName":"LAO"},{"iso2":"LV","iso3":"LVA","isoNumerical":"428","title":"Latvia","gbifRegion":"EUROPE","enumName":"LATVIA"},{"iso2":"LB","iso3":"LBN","isoNumerical":"422","title":"Lebanon","gbifRegion":"ASIA","enumName":"LEBANON"},{"iso2":"LS","iso3":"LSO","isoNumerical":"426","title":"Lesotho","gbifRegion":"AFRICA","enumName":"LESOTHO"},{"iso2":"LR","iso3":"LBR","isoNumerical":"430","title":"Liberia","gbifRegion":"AFRICA","enumName":"LIBERIA"},{"iso2":"LY","iso3":"LBY","isoNumerical":"434","title":"Libya","gbifRegion":"AFRICA","enumName":"LIBYA"},{"iso2":"LI","iso3":"LIE","isoNumerical":"438","title":"Liechtenstein","gbifRegion":"EUROPE","enumName":"LIECHTENSTEIN"},{"iso2":"LT","iso3":"LTU","isoNumerical":"440","title":"Lithuania","gbifRegion":"EUROPE","enumName":"LITHUANIA"},{"iso2":"LU","iso3":"LUX","isoNumerical":"442","title":"Luxembourg","gbifRegion":"EUROPE","enumName":"LUXEMBOURG"},{"iso2":"MO","iso3":"MAC","isoNumerical":"446","title":"Macao","gbifRegion":"ASIA","enumName":"MACAO"},{"iso2":"MK","iso3":"MKD","isoNumerical":"807","title":"North
        Macedonia","gbifRegion":"EUROPE","enumName":"MACEDONIA"},{"iso2":"MG","iso3":"MDG","isoNumerical":"450","title":"Madagascar","gbifRegion":"AFRICA","enumName":"MADAGASCAR"},{"iso2":"MW","iso3":"MWI","isoNumerical":"454","title":"Malawi","gbifRegion":"AFRICA","enumName":"MALAWI"},{"iso2":"MY","iso3":"MYS","isoNumerical":"458","title":"Malaysia","gbifRegion":"ASIA","enumName":"MALAYSIA"},{"iso2":"MV","iso3":"MDV","isoNumerical":"462","title":"Maldives","gbifRegion":"ASIA","enumName":"MALDIVES"},{"iso2":"ML","iso3":"MLI","isoNumerical":"466","title":"Mali","gbifRegion":"AFRICA","enumName":"MALI"},{"iso2":"MT","iso3":"MLT","isoNumerical":"470","title":"Malta","gbifRegion":"EUROPE","enumName":"MALTA"},{"iso2":"MH","iso3":"MHL","isoNumerical":"584","title":"Marshall
        Islands","gbifRegion":"OCEANIA","enumName":"MARSHALL_ISLANDS"},{"iso2":"MQ","iso3":"MTQ","isoNumerical":"474","title":"Martinique","gbifRegion":"LATIN_AMERICA","enumName":"MARTINIQUE"},{"iso2":"MR","iso3":"MRT","isoNumerical":"478","title":"Mauritania","gbifRegion":"AFRICA","enumName":"MAURITANIA"},{"iso2":"MU","iso3":"MUS","isoNumerical":"480","title":"Mauritius","gbifRegion":"AFRICA","enumName":"MAURITIUS"},{"iso2":"YT","iso3":"MYT","isoNumerical":"175","title":"Mayotte","gbifRegion":"AFRICA","enumName":"MAYOTTE"},{"iso2":"MX","iso3":"MEX","isoNumerical":"484","title":"Mexico","gbifRegion":"LATIN_AMERICA","enumName":"MEXICO"},{"iso2":"FM","iso3":"FSM","isoNumerical":"583","title":"Micronesia
        (Federated States of)","gbifRegion":"OCEANIA","enumName":"MICRONESIA"},{"iso2":"MD","iso3":"MDA","isoNumerical":"498","title":"Moldova,
        Republic of","gbifRegion":"EUROPE","enumName":"MOLDOVA"},{"iso2":"MC","iso3":"MCO","isoNumerical":"492","title":"Monaco","gbifRegion":"EUROPE","enumName":"MONACO"},{"iso2":"MN","iso3":"MNG","isoNumerical":"496","title":"Mongolia","gbifRegion":"ASIA","enumName":"MONGOLIA"},{"iso2":"ME","iso3":"MNE","isoNumerical":"499","title":"Montenegro","gbifRegion":"EUROPE","enumName":"MONTENEGRO"},{"iso2":"MS","iso3":"MSR","isoNumerical":"500","title":"Montserrat","gbifRegion":"LATIN_AMERICA","enumName":"MONTSERRAT"},{"iso2":"MA","iso3":"MAR","isoNumerical":"504","title":"Morocco","gbifRegion":"AFRICA","enumName":"MOROCCO"},{"iso2":"MZ","iso3":"MOZ","isoNumerical":"508","title":"Mozambique","gbifRegion":"AFRICA","enumName":"MOZAMBIQUE"},{"iso2":"MM","iso3":"MMR","isoNumerical":"104","title":"Myanmar","gbifRegion":"ASIA","enumName":"MYANMAR"},{"iso2":"NA","iso3":"NAM","isoNumerical":"516","title":"Namibia","gbifRegion":"AFRICA","enumName":"NAMIBIA"},{"iso2":"NR","iso3":"NRU","isoNumerical":"520","title":"Nauru","gbifRegion":"OCEANIA","enumName":"NAURU"},{"iso2":"NP","iso3":"NPL","isoNumerical":"524","title":"Nepal","gbifRegion":"ASIA","enumName":"NEPAL"},{"iso2":"NL","iso3":"NLD","isoNumerical":"528","title":"Netherlands","gbifRegion":"EUROPE","enumName":"NETHERLANDS"},{"iso2":"NC","iso3":"NCL","isoNumerical":"540","title":"New
        Caledonia","gbifRegion":"OCEANIA","enumName":"NEW_CALEDONIA"},{"iso2":"NZ","iso3":"NZL","isoNumerical":"554","title":"New
        Zealand","gbifRegion":"OCEANIA","enumName":"NEW_ZEALAND"},{"iso2":"NI","iso3":"NIC","isoNumerical":"558","title":"Nicaragua","gbifRegion":"LATIN_AMERICA","enumName":"NICARAGUA"},{"iso2":"NE","iso3":"NER","isoNumerical":"562","title":"Niger","gbifRegion":"AFRICA","enumName":"NIGER"},{"iso2":"NG","iso3":"NGA","isoNumerical":"566","title":"Nigeria","gbifRegion":"AFRICA","enumName":"NIGERIA"},{"iso2":"NU","iso3":"NIU","isoNumerical":"570","title":"Niue","gbifRegion":"OCEANIA","enumName":"NIUE"},{"iso2":"NF","iso3":"NFK","isoNumerical":"574","title":"Norfolk
        Island","gbifRegion":"OCEANIA","enumName":"NORFOLK_ISLAND"},{"iso2":"MP","iso3":"MNP","isoNumerical":"580","title":"Northern
        Mariana Islands","gbifRegion":"OCEANIA","enumName":"NORTHERN_MARIANA_ISLANDS"},{"iso2":"NO","iso3":"NOR","isoNumerical":"578","title":"Norway","gbifRegion":"EUROPE","enumName":"NORWAY"},{"iso2":"OM","iso3":"OMN","isoNumerical":"512","title":"Oman","gbifRegion":"ASIA","enumName":"OMAN"},{"iso2":"PK","iso3":"PAK","isoNumerical":"586","title":"Pakistan","gbifRegion":"ASIA","enumName":"PAKISTAN"},{"iso2":"PW","iso3":"PLW","isoNumerical":"585","title":"Palau","gbifRegion":"OCEANIA","enumName":"PALAU"},{"iso2":"PS","iso3":"PSE","isoNumerical":"275","title":"Palestine,
        State of","gbifRegion":"ASIA","enumName":"PALESTINIAN_TERRITORY"},{"iso2":"PA","iso3":"PAN","isoNumerical":"591","title":"Panama","gbifRegion":"LATIN_AMERICA","enumName":"PANAMA"},{"iso2":"PG","iso3":"PNG","isoNumerical":"598","title":"Papua
        New Guinea","gbifRegion":"OCEANIA","enumName":"PAPUA_NEW_GUINEA"},{"iso2":"PY","iso3":"PRY","isoNumerical":"600","title":"Paraguay","gbifRegion":"LATIN_AMERICA","enumName":"PARAGUAY"},{"iso2":"PE","iso3":"PER","isoNumerical":"604","title":"Peru","gbifRegion":"LATIN_AMERICA","enumName":"PERU"},{"iso2":"PH","iso3":"PHL","isoNumerical":"608","title":"Philippines","gbifRegion":"ASIA","enumName":"PHILIPPINES"},{"iso2":"PN","iso3":"PCN","isoNumerical":"612","title":"Pitcairn","gbifRegion":"OCEANIA","enumName":"PITCAIRN"},{"iso2":"PL","iso3":"POL","isoNumerical":"616","title":"Poland","gbifRegion":"EUROPE","enumName":"POLAND"},{"iso2":"PT","iso3":"PRT","isoNumerical":"620","title":"Portugal","gbifRegion":"EUROPE","enumName":"PORTUGAL"},{"iso2":"PR","iso3":"PRI","isoNumerical":"630","title":"Puerto
        Rico","gbifRegion":"LATIN_AMERICA","enumName":"PUERTO_RICO"},{"iso2":"QA","iso3":"QAT","isoNumerical":"634","title":"Qatar","gbifRegion":"ASIA","enumName":"QATAR"},{"iso2":"RE","iso3":"REU","isoNumerical":"638","title":"Réunion","gbifRegion":"AFRICA","enumName":"RÉUNION"},{"iso2":"RO","iso3":"ROU","isoNumerical":"642","title":"Romania","gbifRegion":"EUROPE","enumName":"ROMANIA"},{"iso2":"RU","iso3":"RUS","isoNumerical":"643","title":"Russian
        Federation","gbifRegion":"EUROPE","enumName":"RUSSIAN_FEDERATION"},{"iso2":"RW","iso3":"RWA","isoNumerical":"646","title":"Rwanda","gbifRegion":"AFRICA","enumName":"RWANDA"},{"iso2":"BL","iso3":"BLM","isoNumerical":"652","title":"Saint
        Barthélemy","gbifRegion":"LATIN_AMERICA","enumName":"SAINT_BARTHÉLEMY"},{"iso2":"SH","iso3":"SHN","isoNumerical":"654","title":"Saint
        Helena, Ascension and Tristan da Cunha","gbifRegion":"AFRICA","enumName":"SAINT_HELENA_ASCENSION_TRISTAN_DA_CUNHA"},{"iso2":"KN","iso3":"KNA","isoNumerical":"659","title":"Saint
        Kitts and Nevis","gbifRegion":"LATIN_AMERICA","enumName":"SAINT_KITTS_NEVIS"},{"iso2":"LC","iso3":"LCA","isoNumerical":"662","title":"Saint
        Lucia","gbifRegion":"LATIN_AMERICA","enumName":"SAINT_LUCIA"},{"iso2":"MF","iso3":"MAF","isoNumerical":"663","title":"Saint
        Martin (French part)","gbifRegion":"LATIN_AMERICA","enumName":"SAINT_MARTIN_FRENCH"},{"iso2":"PM","iso3":"SPM","isoNumerical":"666","title":"Saint
        Pierre and Miquelon","gbifRegion":"NORTH_AMERICA","enumName":"SAINT_PIERRE_MIQUELON"},{"iso2":"VC","iso3":"VCT","isoNumerical":"670","title":"Saint
        Vincent and the Grenadines","gbifRegion":"LATIN_AMERICA","enumName":"SAINT_VINCENT_GRENADINES"},{"iso2":"WS","iso3":"WSM","isoNumerical":"882","title":"Samoa","gbifRegion":"OCEANIA","enumName":"SAMOA"},{"iso2":"SM","iso3":"SMR","isoNumerical":"674","title":"San
        Marino","gbifRegion":"EUROPE","enumName":"SAN_MARINO"},{"iso2":"ST","iso3":"STP","isoNumerical":"678","title":"Sao
        Tome and Principe","gbifRegion":"AFRICA","enumName":"SAO_TOME_PRINCIPE"},{"iso2":"SA","iso3":"SAU","isoNumerical":"682","title":"Saudi
        Arabia","gbifRegion":"ASIA","enumName":"SAUDI_ARABIA"},{"iso2":"SN","iso3":"SEN","isoNumerical":"686","title":"Senegal","gbifRegion":"AFRICA","enumName":"SENEGAL"},{"iso2":"RS","iso3":"SRB","isoNumerical":"688","title":"Serbia","gbifRegion":"EUROPE","enumName":"SERBIA"},{"iso2":"SC","iso3":"SYC","isoNumerical":"690","title":"Seychelles","gbifRegion":"AFRICA","enumName":"SEYCHELLES"},{"iso2":"SL","iso3":"SLE","isoNumerical":"694","title":"Sierra
        Leone","gbifRegion":"AFRICA","enumName":"SIERRA_LEONE"},{"iso2":"SG","iso3":"SGP","isoNumerical":"702","title":"Singapore","gbifRegion":"ASIA","enumName":"SINGAPORE"},{"iso2":"SX","iso3":"SXM","isoNumerical":"534","title":"Sint
        Maarten (Dutch part)","gbifRegion":"LATIN_AMERICA","enumName":"SINT_MAARTEN"},{"iso2":"SK","iso3":"SVK","isoNumerical":"703","title":"Slovakia","gbifRegion":"EUROPE","enumName":"SLOVAKIA"},{"iso2":"SI","iso3":"SVN","isoNumerical":"705","title":"Slovenia","gbifRegion":"EUROPE","enumName":"SLOVENIA"},{"iso2":"SB","iso3":"SLB","isoNumerical":"90","title":"Solomon
        Islands","gbifRegion":"OCEANIA","enumName":"SOLOMON_ISLANDS"},{"iso2":"SO","iso3":"SOM","isoNumerical":"706","title":"Somalia","gbifRegion":"AFRICA","enumName":"SOMALIA"},{"iso2":"ZA","iso3":"ZAF","isoNumerical":"710","title":"South
        Africa","gbifRegion":"AFRICA","enumName":"SOUTH_AFRICA"},{"iso2":"GS","iso3":"SGS","isoNumerical":"239","title":"South
        Georgia and the South Sandwich Islands","gbifRegion":"ANTARCTICA","enumName":"SOUTH_GEORGIA_SANDWICH_ISLANDS"},{"iso2":"SS","iso3":"SSD","isoNumerical":"728","title":"South
        Sudan","gbifRegion":"AFRICA","enumName":"SOUTH_SUDAN"},{"iso2":"ES","iso3":"ESP","isoNumerical":"724","title":"Spain","gbifRegion":"EUROPE","enumName":"SPAIN"},{"iso2":"LK","iso3":"LKA","isoNumerical":"144","title":"Sri
        Lanka","gbifRegion":"ASIA","enumName":"SRI_LANKA"},{"iso2":"SD","iso3":"SDN","isoNumerical":"729","title":"Sudan","gbifRegion":"AFRICA","enumName":"SUDAN"},{"iso2":"SR","iso3":"SUR","isoNumerical":"740","title":"Suriname","gbifRegion":"LATIN_AMERICA","enumName":"SURINAME"},{"iso2":"SJ","iso3":"SJM","isoNumerical":"744","title":"Svalbard
        and Jan Mayen","gbifRegion":"EUROPE","enumName":"SVALBARD_JAN_MAYEN"},{"iso2":"SZ","iso3":"SWZ","isoNumerical":"748","title":"Eswatini","gbifRegion":"AFRICA","enumName":"SWAZILAND"},{"iso2":"SE","iso3":"SWE","isoNumerical":"752","title":"Sweden","gbifRegion":"EUROPE","enumName":"SWEDEN"},{"iso2":"CH","iso3":"CHE","isoNumerical":"756","title":"Switzerland","gbifRegion":"EUROPE","enumName":"SWITZERLAND"},{"iso2":"SY","iso3":"SYR","isoNumerical":"760","title":"Syrian
        Arab Republic","gbifRegion":"ASIA","enumName":"SYRIA"},{"iso2":"TW","iso3":"TWN","isoNumerical":"158","title":"Chinese
        Taipei","gbifRegion":"ASIA","enumName":"TAIWAN"},{"iso2":"TJ","iso3":"TJK","isoNumerical":"762","title":"Tajikistan","gbifRegion":"EUROPE","enumName":"TAJIKISTAN"},{"iso2":"TZ","iso3":"TZA","isoNumerical":"834","title":"Tanzania,
        United Republic of","gbifRegion":"AFRICA","enumName":"TANZANIA"},{"iso2":"TH","iso3":"THA","isoNumerical":"764","title":"Thailand","gbifRegion":"ASIA","enumName":"THAILAND"},{"iso2":"TL","iso3":"TLS","isoNumerical":"626","title":"Timor-Leste","gbifRegion":"ASIA","enumName":"TIMOR_LESTE"},{"iso2":"TG","iso3":"TGO","isoNumerical":"768","title":"Togo","gbifRegion":"AFRICA","enumName":"TOGO"},{"iso2":"TK","iso3":"TKL","isoNumerical":"772","title":"Tokelau","gbifRegion":"OCEANIA","enumName":"TOKELAU"},{"iso2":"TO","iso3":"TON","isoNumerical":"776","title":"Tonga","gbifRegion":"OCEANIA","enumName":"TONGA"},{"iso2":"TT","iso3":"TTO","isoNumerical":"780","title":"Trinidad
        and Tobago","gbifRegion":"LATIN_AMERICA","enumName":"TRINIDAD_TOBAGO"},{"iso2":"TN","iso3":"TUN","isoNumerical":"788","title":"Tunisia","gbifRegion":"AFRICA","enumName":"TUNISIA"},{"iso2":"TR","iso3":"TUR","isoNumerical":"792","title":"Türkiye","gbifRegion":"EUROPE","enumName":"TURKEY"},{"iso2":"TM","iso3":"TKM","isoNumerical":"795","title":"Turkmenistan","gbifRegion":"EUROPE","enumName":"TURKMENISTAN"},{"iso2":"TC","iso3":"TCA","isoNumerical":"796","title":"Turks
        and Caicos Islands","gbifRegion":"LATIN_AMERICA","enumName":"TURKS_CAICOS_ISLANDS"},{"iso2":"TV","iso3":"TUV","isoNumerical":"798","title":"Tuvalu","gbifRegion":"OCEANIA","enumName":"TUVALU"},{"iso2":"UG","iso3":"UGA","isoNumerical":"800","title":"Uganda","gbifRegion":"AFRICA","enumName":"UGANDA"},{"iso2":"UA","iso3":"UKR","isoNumerical":"804","title":"Ukraine","gbifRegion":"EUROPE","enumName":"UKRAINE"},{"iso2":"AE","iso3":"ARE","isoNumerical":"784","title":"United
        Arab Emirates","gbifRegion":"ASIA","enumName":"UNITED_ARAB_EMIRATES"},{"iso2":"GB","iso3":"GBR","isoNumerical":"826","title":"United
        Kingdom of Great Britain and Northern Ireland","gbifRegion":"EUROPE","enumName":"UNITED_KINGDOM"},{"iso2":"US","iso3":"USA","isoNumerical":"840","title":"United
        States of America","gbifRegion":"NORTH_AMERICA","enumName":"UNITED_STATES"},{"iso2":"UM","iso3":"UMI","isoNumerical":"581","title":"United
        States Minor Outlying Islands","gbifRegion":"OCEANIA","enumName":"UNITED_STATES_OUTLYING_ISLANDS"},{"iso2":"UY","iso3":"URY","isoNumerical":"858","title":"Uruguay","gbifRegion":"LATIN_AMERICA","enumName":"URUGUAY"},{"iso2":"UZ","iso3":"UZB","isoNumerical":"860","title":"Uzbekistan","gbifRegion":"EUROPE","enumName":"UZBEKISTAN"},{"iso2":"VU","iso3":"VUT","isoNumerical":"548","title":"Vanuatu","gbifRegion":"OCEANIA","enumName":"VANUATU"},{"iso2":"VE","iso3":"VEN","isoNumerical":"862","title":"Venezuela
        (Bolivarian Republic of)","gbifRegion":"LATIN_AMERICA","enumName":"VENEZUELA"},{"iso2":"VN","iso3":"VNM","isoNumerical":"704","title":"Viet
        Nam","gbifRegion":"ASIA","enumName":"VIETNAM"},{"iso2":"VG","iso3":"VGB","isoNumerical":"92","title":"Virgin
        Islands (British)","gbifRegion":"LATIN_AMERICA","enumName":"VIRGIN_ISLANDS_BRITISH"},{"iso2":"VI","iso3":"VIR","isoNumerical":"850","title":"Virgin
        Islands (U.S.)","gbifRegion":"LATIN_AMERICA","enumName":"VIRGIN_ISLANDS"},{"iso2":"WF","iso3":"WLF","isoNumerical":"876","title":"Wallis
        and Futuna","gbifRegion":"OCEANIA","enumName":"WALLIS_FUTUNA"},{"iso2":"EH","iso3":"ESH","isoNumerical":"732","title":"Western
        Sahara","gbifRegion":"AFRICA","enumName":"WESTERN_SAHARA"},{"iso2":"YE","iso3":"YEM","isoNumerical":"887","title":"Yemen","gbifRegion":"ASIA","enumName":"YEMEN"},{"iso2":"ZM","iso3":"ZMB","isoNumerical":"894","title":"Zambia","gbifRegion":"AFRICA","enumName":"ZAMBIA"},{"iso2":"ZW","iso3":"ZWE","isoNumerical":"716","title":"Zimbabwe","gbifRegion":"AFRICA","enumName":"ZIMBABWE"},{"iso2":"XK","iso3":"XKX","isoNumerical":"902","title":"Kosovo","gbifRegion":"EUROPE","enumName":"KOSOVO"}]'
  recorded_at: 2023-08-29 13:20:55 GMT
  recorded_with: vcr/1.2.0, webmockr/0.9.0
- request:
    method: get
    uri: https://api.gbif.org/v1/occurrence/counts/publishingCountries?country=DK
    body:
      encoding: ''
      string: ''
    headers:
      Accept-Encoding: gzip, deflate
      Accept: application/json, text/xml, application/xml, */*
  response:
    status:
      status_code: '200'
      message: OK
      explanation: Request fulfilled, document follows
    headers:
      status: HTTP/1.1 200 OK
      content-type: application/json
    body:
      encoding: ''
      file: no
      string: '{"DENMARK":51217435,"UNITED_STATES":474499,"UNITED_KINGDOM":372832,"SWEDEN":110184,"BELGIUM":85725,"NETHERLANDS":73489,"GERMANY":67867,"FRANCE":55999,"ESTONIA":47710,"FINLAND":40623,"NORWAY":32269,"COLOMBIA":7700,"AUSTRALIA":5975,"CANADA":5011,"SPAIN":4741,"POLAND":3227,"SWITZERLAND":2439,"NEW_ZEALAND":1695,"RUSSIAN_FEDERATION":1676,"JAPAN":1381,"BRAZIL":940,"CHINA":913,"CZECH_REPUBLIC":669,"AUSTRIA":582,"PORTUGAL":549,"ARGENTINA":260,"SOUTH_AFRICA":114,"VENEZUELA":78,"MEXICO":52,"ITALY":52,"PANAMA":31,"LUXEMBOURG":31,"BULGARIA":25,"TAIWAN":24,"ISRAEL":13,"COSTA_RICA":2,"GREECE":1,"ECUADOR":1}'
  recorded_at: 2023-08-29 13:20:55 GMT
  recorded_with: vcr/1.2.0, webmockr/0.9.0
- request:
    method: get
    uri: https://api.gbif.org/v1/enumeration/country/
    body:
      encoding: ''
      string: ''
    headers:
      Accept-Encoding: gzip, deflate
      Accept: application/json, text/xml, application/xml, */*
  response:
    status:
      status_code: '200'
      message: OK
      explanation: Request fulfilled, document follows
    headers:
      status: HTTP/1.1 200 OK
      content-type: application/json
    body:
      encoding: ''
      file: no
      string: '[{"iso2":"AF","iso3":"AFG","isoNumerical":"4","title":"Afghanistan","gbifRegion":"ASIA","enumName":"AFGHANISTAN"},{"iso2":"AX","iso3":"ALA","isoNumerical":"248","title":"Åland
        Islands","gbifRegion":"EUROPE","enumName":"ALAND_ISLANDS"},{"iso2":"AL","iso3":"ALB","isoNumerical":"8","title":"Albania","gbifRegion":"EUROPE","enumName":"ALBANIA"},{"iso2":"DZ","iso3":"DZA","isoNumerical":"12","title":"Algeria","gbifRegion":"AFRICA","enumName":"ALGERIA"},{"iso2":"AS","iso3":"ASM","isoNumerical":"16","title":"American
        Samoa","gbifRegion":"OCEANIA","enumName":"AMERICAN_SAMOA"},{"iso2":"AD","iso3":"AND","isoNumerical":"20","title":"Andorra","gbifRegion":"EUROPE","enumName":"ANDORRA"},{"iso2":"AO","iso3":"AGO","isoNumerical":"24","title":"Angola","gbifRegion":"AFRICA","enumName":"ANGOLA"},{"iso2":"AI","iso3":"AIA","isoNumerical":"660","title":"Anguilla","gbifRegion":"LATIN_AMERICA","enumName":"ANGUILLA"},{"iso2":"AQ","iso3":"ATA","isoNumerical":"10","title":"Antarctica","gbifRegion":"ANTARCTICA","enumName":"ANTARCTICA"},{"iso2":"AG","iso3":"ATG","isoNumerical":"28","title":"Antigua
        and Barbuda","gbifRegion":"LATIN_AMERICA","enumName":"ANTIGUA_BARBUDA"},{"iso2":"AR","iso3":"ARG","isoNumerical":"32","title":"Argentina","gbifRegion":"LATIN_AMERICA","enumName":"ARGENTINA"},{"iso2":"AM","iso3":"ARM","isoNumerical":"51","title":"Armenia","gbifRegion":"EUROPE","enumName":"ARMENIA"},{"iso2":"AW","iso3":"ABW","isoNumerical":"533","title":"Aruba","gbifRegion":"LATIN_AMERICA","enumName":"ARUBA"},{"iso2":"AU","iso3":"AUS","isoNumerical":"36","title":"Australia","gbifRegion":"OCEANIA","enumName":"AUSTRALIA"},{"iso2":"AT","iso3":"AUT","isoNumerical":"40","title":"Austria","gbifRegion":"EUROPE","enumName":"AUSTRIA"},{"iso2":"AZ","iso3":"AZE","isoNumerical":"31","title":"Azerbaijan","gbifRegion":"EUROPE","enumName":"AZERBAIJAN"},{"iso2":"BS","iso3":"BHS","isoNumerical":"44","title":"Bahamas","gbifRegion":"LATIN_AMERICA","enumName":"BAHAMAS"},{"iso2":"BH","iso3":"BHR","isoNumerical":"48","title":"Bahrain","gbifRegion":"ASIA","enumName":"BAHRAIN"},{"iso2":"BD","iso3":"BGD","isoNumerical":"50","title":"Bangladesh","gbifRegion":"ASIA","enumName":"BANGLADESH"},{"iso2":"BB","iso3":"BRB","isoNumerical":"52","title":"Barbados","gbifRegion":"LATIN_AMERICA","enumName":"BARBADOS"},{"iso2":"BY","iso3":"BLR","isoNumerical":"112","title":"Belarus","gbifRegion":"EUROPE","enumName":"BELARUS"},{"iso2":"BE","iso3":"BEL","isoNumerical":"56","title":"Belgium","gbifRegion":"EUROPE","enumName":"BELGIUM"},{"iso2":"BZ","iso3":"BLZ","isoNumerical":"84","title":"Belize","gbifRegion":"LATIN_AMERICA","enumName":"BELIZE"},{"iso2":"BJ","iso3":"BEN","isoNumerical":"204","title":"Benin","gbifRegion":"AFRICA","enumName":"BENIN"},{"iso2":"BM","iso3":"BMU","isoNumerical":"60","title":"Bermuda","gbifRegion":"LATIN_AMERICA","enumName":"BERMUDA"},{"iso2":"BT","iso3":"BTN","isoNumerical":"64","title":"Bhutan","gbifRegion":"ASIA","enumName":"BHUTAN"},{"iso2":"BO","iso3":"BOL","isoNumerical":"68","title":"Bolivia
        (Plurinational State of)","gbifRegion":"LATIN_AMERICA","enumName":"BOLIVIA"},{"iso2":"BQ","iso3":"BES","isoNumerical":"535","title":"Bonaire,
        Sint Eustatius and Saba","gbifRegion":"LATIN_AMERICA","enumName":"BONAIRE_SINT_EUSTATIUS_SABA"},{"iso2":"BA","iso3":"BIH","isoNumerical":"70","title":"Bosnia
        and Herzegovina","gbifRegion":"EUROPE","enumName":"BOSNIA_HERZEGOVINA"},{"iso2":"BW","iso3":"BWA","isoNumerical":"72","title":"Botswana","gbifRegion":"AFRICA","enumName":"BOTSWANA"},{"iso2":"BV","iso3":"BVT","isoNumerical":"74","title":"Bouvet
        Island","gbifRegion":"ANTARCTICA","enumName":"BOUVET_ISLAND"},{"iso2":"BR","iso3":"BRA","isoNumerical":"76","title":"Brazil","gbifRegion":"LATIN_AMERICA","enumName":"BRAZIL"},{"iso2":"IO","iso3":"IOT","isoNumerical":"86","title":"British
        Indian Ocean Territory","gbifRegion":"ASIA","enumName":"BRITISH_INDIAN_OCEAN_TERRITORY"},{"iso2":"BN","iso3":"BRN","isoNumerical":"96","title":"Brunei
        Darussalam","gbifRegion":"ASIA","enumName":"BRUNEI_DARUSSALAM"},{"iso2":"BG","iso3":"BGR","isoNumerical":"100","title":"Bulgaria","gbifRegion":"EUROPE","enumName":"BULGARIA"},{"iso2":"BF","iso3":"BFA","isoNumerical":"854","title":"Burkina
        Faso","gbifRegion":"AFRICA","enumName":"BURKINA_FASO"},{"iso2":"BI","iso3":"BDI","isoNumerical":"108","title":"Burundi","gbifRegion":"AFRICA","enumName":"BURUNDI"},{"iso2":"KH","iso3":"KHM","isoNumerical":"116","title":"Cambodia","gbifRegion":"ASIA","enumName":"CAMBODIA"},{"iso2":"CM","iso3":"CMR","isoNumerical":"120","title":"Cameroon","gbifRegion":"AFRICA","enumName":"CAMEROON"},{"iso2":"CA","iso3":"CAN","isoNumerical":"124","title":"Canada","gbifRegion":"NORTH_AMERICA","enumName":"CANADA"},{"iso2":"CV","iso3":"CPV","isoNumerical":"132","title":"Cabo
        Verde","gbifRegion":"AFRICA","enumName":"CAPE_VERDE"},{"iso2":"KY","iso3":"CYM","isoNumerical":"136","title":"Cayman
        Islands","gbifRegion":"LATIN_AMERICA","enumName":"CAYMAN_ISLANDS"},{"iso2":"CF","iso3":"CAF","isoNumerical":"140","title":"Central
        African Republic","gbifRegion":"AFRICA","enumName":"CENTRAL_AFRICAN_REPUBLIC"},{"iso2":"TD","iso3":"TCD","isoNumerical":"148","title":"Chad","gbifRegion":"AFRICA","enumName":"CHAD"},{"iso2":"CL","iso3":"CHL","isoNumerical":"152","title":"Chile","gbifRegion":"LATIN_AMERICA","enumName":"CHILE"},{"iso2":"CN","iso3":"CHN","isoNumerical":"156","title":"China","gbifRegion":"ASIA","enumName":"CHINA"},{"iso2":"CX","iso3":"CXR","isoNumerical":"162","title":"Christmas
        Island","gbifRegion":"ASIA","enumName":"CHRISTMAS_ISLAND"},{"iso2":"CC","iso3":"CCK","isoNumerical":"166","title":"Cocos
        (Keeling) Islands","gbifRegion":"ASIA","enumName":"COCOS_ISLANDS"},{"iso2":"CO","iso3":"COL","isoNumerical":"170","title":"Colombia","gbifRegion":"LATIN_AMERICA","enumName":"COLOMBIA"},{"iso2":"KM","iso3":"COM","isoNumerical":"174","title":"Comoros","gbifRegion":"AFRICA","enumName":"COMOROS"},{"iso2":"CD","iso3":"COD","isoNumerical":"180","title":"Congo,
        Democratic Republic of the","gbifRegion":"AFRICA","enumName":"CONGO_DEMOCRATIC_REPUBLIC"},{"iso2":"CG","iso3":"COG","isoNumerical":"178","title":"Congo","gbifRegion":"AFRICA","enumName":"CONGO"},{"iso2":"CK","iso3":"COK","isoNumerical":"184","title":"Cook
        Islands","gbifRegion":"OCEANIA","enumName":"COOK_ISLANDS"},{"iso2":"CR","iso3":"CRI","isoNumerical":"188","title":"Costa
        Rica","gbifRegion":"LATIN_AMERICA","enumName":"COSTA_RICA"},{"iso2":"CI","iso3":"CIV","isoNumerical":"384","title":"Côte
        d’Ivoire","gbifRegion":"AFRICA","enumName":"CÔTE_DIVOIRE"},{"iso2":"HR","iso3":"HRV","isoNumerical":"191","title":"Croatia","gbifRegion":"EUROPE","enumName":"CROATIA"},{"iso2":"CU","iso3":"CUB","isoNumerical":"192","title":"Cuba","gbifRegion":"LATIN_AMERICA","enumName":"CUBA"},{"iso2":"CW","iso3":"CUW","isoNumerical":"531","title":"Curaçao","gbifRegion":"LATIN_AMERICA","enumName":"CURAÇAO"},{"iso2":"CY","iso3":"CYP","isoNumerical":"196","title":"Cyprus","gbifRegion":"EUROPE","enumName":"CYPRUS"},{"iso2":"CZ","iso3":"CZE","isoNumerical":"203","title":"Czechia","gbifRegion":"EUROPE","enumName":"CZECH_REPUBLIC"},{"iso2":"DK","iso3":"DNK","isoNumerical":"208","title":"Denmark","gbifRegion":"EUROPE","enumName":"DENMARK"},{"iso2":"DJ","iso3":"DJI","isoNumerical":"262","title":"Djibouti","gbifRegion":"AFRICA","enumName":"DJIBOUTI"},{"iso2":"DM","iso3":"DMA","isoNumerical":"212","title":"Dominica","gbifRegion":"LATIN_AMERICA","enumName":"DOMINICA"},{"iso2":"DO","iso3":"DOM","isoNumerical":"214","title":"Dominican
        Republic","gbifRegion":"LATIN_AMERICA","enumName":"DOMINICAN_REPUBLIC"},{"iso2":"EC","iso3":"ECU","isoNumerical":"218","title":"Ecuador","gbifRegion":"LATIN_AMERICA","enumName":"ECUADOR"},{"iso2":"EG","iso3":"EGY","isoNumerical":"818","title":"Egypt","gbifRegion":"AFRICA","enumName":"EGYPT"},{"iso2":"SV","iso3":"SLV","isoNumerical":"222","title":"El
        Salvador","gbifRegion":"LATIN_AMERICA","enumName":"EL_SALVADOR"},{"iso2":"GQ","iso3":"GNQ","isoNumerical":"226","title":"Equatorial
        Guinea","gbifRegion":"AFRICA","enumName":"EQUATORIAL_GUINEA"},{"iso2":"ER","iso3":"ERI","isoNumerical":"232","title":"Eritrea","gbifRegion":"AFRICA","enumName":"ERITREA"},{"iso2":"EE","iso3":"EST","isoNumerical":"233","title":"Estonia","gbifRegion":"EUROPE","enumName":"ESTONIA"},{"iso2":"ET","iso3":"ETH","isoNumerical":"231","title":"Ethiopia","gbifRegion":"AFRICA","enumName":"ETHIOPIA"},{"iso2":"FK","iso3":"FLK","isoNumerical":"238","title":"Falkland
        Islands (Malvinas)","gbifRegion":"LATIN_AMERICA","enumName":"FALKLAND_ISLANDS"},{"iso2":"FO","iso3":"FRO","isoNumerical":"234","title":"Faroe
        Islands","gbifRegion":"EUROPE","enumName":"FAROE_ISLANDS"},{"iso2":"FJ","iso3":"FJI","isoNumerical":"242","title":"Fiji","gbifRegion":"OCEANIA","enumName":"FIJI"},{"iso2":"FI","iso3":"FIN","isoNumerical":"246","title":"Finland","gbifRegion":"EUROPE","enumName":"FINLAND"},{"iso2":"FR","iso3":"FRA","isoNumerical":"250","title":"France","gbifRegion":"EUROPE","enumName":"FRANCE"},{"iso2":"GF","iso3":"GUF","isoNumerical":"254","title":"French
        Guiana","gbifRegion":"LATIN_AMERICA","enumName":"FRENCH_GUIANA"},{"iso2":"PF","iso3":"PYF","isoNumerical":"258","title":"French
        Polynesia","gbifRegion":"OCEANIA","enumName":"FRENCH_POLYNESIA"},{"iso2":"TF","iso3":"ATF","isoNumerical":"260","title":"French
        Southern Territories","gbifRegion":"ANTARCTICA","enumName":"FRENCH_SOUTHERN_TERRITORIES"},{"iso2":"GA","iso3":"GAB","isoNumerical":"266","title":"Gabon","gbifRegion":"AFRICA","enumName":"GABON"},{"iso2":"GM","iso3":"GMB","isoNumerical":"270","title":"Gambia","gbifRegion":"AFRICA","enumName":"GAMBIA"},{"iso2":"GE","iso3":"GEO","isoNumerical":"268","title":"Georgia","gbifRegion":"EUROPE","enumName":"GEORGIA"},{"iso2":"DE","iso3":"DEU","isoNumerical":"276","title":"Germany","gbifRegion":"EUROPE","enumName":"GERMANY"},{"iso2":"GH","iso3":"GHA","isoNumerical":"288","title":"Ghana","gbifRegion":"AFRICA","enumName":"GHANA"},{"iso2":"GI","iso3":"GIB","isoNumerical":"292","title":"Gibraltar","gbifRegion":"EUROPE","enumName":"GIBRALTAR"},{"iso2":"GR","iso3":"GRC","isoNumerical":"300","title":"Greece","gbifRegion":"EUROPE","enumName":"GREECE"},{"iso2":"GL","iso3":"GRL","isoNumerical":"304","title":"Greenland","gbifRegion":"NORTH_AMERICA","enumName":"GREENLAND"},{"iso2":"GD","iso3":"GRD","isoNumerical":"308","title":"Grenada","gbifRegion":"LATIN_AMERICA","enumName":"GRENADA"},{"iso2":"GP","iso3":"GLP","isoNumerical":"312","title":"Guadeloupe","gbifRegion":"LATIN_AMERICA","enumName":"GUADELOUPE"},{"iso2":"GU","iso3":"GUM","isoNumerical":"316","title":"Guam","gbifRegion":"OCEANIA","enumName":"GUAM"},{"iso2":"GT","iso3":"GTM","isoNumerical":"320","title":"Guatemala","gbifRegion":"LATIN_AMERICA","enumName":"GUATEMALA"},{"iso2":"GG","iso3":"GGY","isoNumerical":"831","title":"Guernsey","gbifRegion":"EUROPE","enumName":"GUERNSEY"},{"iso2":"GN","iso3":"GIN","isoNumerical":"324","title":"Guinea","gbifRegion":"AFRICA","enumName":"GUINEA"},{"iso2":"GW","iso3":"GNB","isoNumerical":"624","title":"Guinea-Bissau","gbifRegion":"AFRICA","enumName":"GUINEA_BISSAU"},{"iso2":"GY","iso3":"GUY","isoNumerical":"328","title":"Guyana","gbifRegion":"LATIN_AMERICA","enumName":"GUYANA"},{"iso2":"HT","iso3":"HTI","isoNumerical":"332","title":"Haiti","gbifRegion":"LATIN_AMERICA","enumName":"HAITI"},{"iso2":"HM","iso3":"HMD","isoNumerical":"334","title":"Heard
        Island and McDonald Islands","gbifRegion":"ANTARCTICA","enumName":"HEARD_MCDONALD_ISLANDS"},{"iso2":"VA","iso3":"VAT","isoNumerical":"336","title":"Holy
        See","gbifRegion":"EUROPE","enumName":"VATICAN"},{"iso2":"HN","iso3":"HND","isoNumerical":"340","title":"Honduras","gbifRegion":"LATIN_AMERICA","enumName":"HONDURAS"},{"iso2":"HK","iso3":"HKG","isoNumerical":"344","title":"Hong
        Kong","gbifRegion":"ASIA","enumName":"HONG_KONG"},{"iso2":"HU","iso3":"HUN","isoNumerical":"348","title":"Hungary","gbifRegion":"EUROPE","enumName":"HUNGARY"},{"iso2":"IS","iso3":"ISL","isoNumerical":"352","title":"Iceland","gbifRegion":"EUROPE","enumName":"ICELAND"},{"iso2":"IN","iso3":"IND","isoNumerical":"356","title":"India","gbifRegion":"ASIA","enumName":"INDIA"},{"iso2":"ID","iso3":"IDN","isoNumerical":"360","title":"Indonesia","gbifRegion":"ASIA","enumName":"INDONESIA"},{"iso2":"IR","iso3":"IRN","isoNumerical":"364","title":"Iran
        (Islamic Republic of)","gbifRegion":"ASIA","enumName":"IRAN"},{"iso2":"IQ","iso3":"IRQ","isoNumerical":"368","title":"Iraq","gbifRegion":"ASIA","enumName":"IRAQ"},{"iso2":"IE","iso3":"IRL","isoNumerical":"372","title":"Ireland","gbifRegion":"EUROPE","enumName":"IRELAND"},{"iso2":"IM","iso3":"IMN","isoNumerical":"833","title":"Isle
        of Man","gbifRegion":"EUROPE","enumName":"ISLE_OF_MAN"},{"iso2":"IL","iso3":"ISR","isoNumerical":"376","title":"Israel","gbifRegion":"EUROPE","enumName":"ISRAEL"},{"iso2":"IT","iso3":"ITA","isoNumerical":"380","title":"Italy","gbifRegion":"EUROPE","enumName":"ITALY"},{"iso2":"JM","iso3":"JAM","isoNumerical":"388","title":"Jamaica","gbifRegion":"LATIN_AMERICA","enumName":"JAMAICA"},{"iso2":"JP","iso3":"JPN","isoNumerical":"392","title":"Japan","gbifRegion":"ASIA","enumName":"JAPAN"},{"iso2":"JE","iso3":"JEY","isoNumerical":"832","title":"Jersey","gbifRegion":"EUROPE","enumName":"JERSEY"},{"iso2":"JO","iso3":"JOR","isoNumerical":"400","title":"Jordan","gbifRegion":"ASIA","enumName":"JORDAN"},{"iso2":"KZ","iso3":"KAZ","isoNumerical":"398","title":"Kazakhstan","gbifRegion":"EUROPE","enumName":"KAZAKHSTAN"},{"iso2":"KE","iso3":"KEN","isoNumerical":"404","title":"Kenya","gbifRegion":"AFRICA","enumName":"KENYA"},{"iso2":"KI","iso3":"KIR","isoNumerical":"296","title":"Kiribati","gbifRegion":"OCEANIA","enumName":"KIRIBATI"},{"iso2":"KP","iso3":"PRK","isoNumerical":"408","title":"Korea
        (Democratic People’s Republic of)","gbifRegion":"ASIA","enumName":"KOREA_NORTH"},{"iso2":"KR","iso3":"KOR","isoNumerical":"410","title":"Korea,
        Republic of","gbifRegion":"ASIA","enumName":"KOREA_SOUTH"},{"iso2":"KW","iso3":"KWT","isoNumerical":"414","title":"Kuwait","gbifRegion":"ASIA","enumName":"KUWAIT"},{"iso2":"KG","iso3":"KGZ","isoNumerical":"417","title":"Kyrgyzstan","gbifRegion":"EUROPE","enumName":"KYRGYZSTAN"},{"iso2":"LA","iso3":"LAO","isoNumerical":"418","title":"Lao
        People’s Democratic Republic","gbifRegion":"ASIA","enumName":"LAO"},{"iso2":"LV","iso3":"LVA","isoNumerical":"428","title":"Latvia","gbifRegion":"EUROPE","enumName":"LATVIA"},{"iso2":"LB","iso3":"LBN","isoNumerical":"422","title":"Lebanon","gbifRegion":"ASIA","enumName":"LEBANON"},{"iso2":"LS","iso3":"LSO","isoNumerical":"426","title":"Lesotho","gbifRegion":"AFRICA","enumName":"LESOTHO"},{"iso2":"LR","iso3":"LBR","isoNumerical":"430","title":"Liberia","gbifRegion":"AFRICA","enumName":"LIBERIA"},{"iso2":"LY","iso3":"LBY","isoNumerical":"434","title":"Libya","gbifRegion":"AFRICA","enumName":"LIBYA"},{"iso2":"LI","iso3":"LIE","isoNumerical":"438","title":"Liechtenstein","gbifRegion":"EUROPE","enumName":"LIECHTENSTEIN"},{"iso2":"LT","iso3":"LTU","isoNumerical":"440","title":"Lithuania","gbifRegion":"EUROPE","enumName":"LITHUANIA"},{"iso2":"LU","iso3":"LUX","isoNumerical":"442","title":"Luxembourg","gbifRegion":"EUROPE","enumName":"LUXEMBOURG"},{"iso2":"MO","iso3":"MAC","isoNumerical":"446","title":"Macao","gbifRegion":"ASIA","enumName":"MACAO"},{"iso2":"MK","iso3":"MKD","isoNumerical":"807","title":"North
        Macedonia","gbifRegion":"EUROPE","enumName":"MACEDONIA"},{"iso2":"MG","iso3":"MDG","isoNumerical":"450","title":"Madagascar","gbifRegion":"AFRICA","enumName":"MADAGASCAR"},{"iso2":"MW","iso3":"MWI","isoNumerical":"454","title":"Malawi","gbifRegion":"AFRICA","enumName":"MALAWI"},{"iso2":"MY","iso3":"MYS","isoNumerical":"458","title":"Malaysia","gbifRegion":"ASIA","enumName":"MALAYSIA"},{"iso2":"MV","iso3":"MDV","isoNumerical":"462","title":"Maldives","gbifRegion":"ASIA","enumName":"MALDIVES"},{"iso2":"ML","iso3":"MLI","isoNumerical":"466","title":"Mali","gbifRegion":"AFRICA","enumName":"MALI"},{"iso2":"MT","iso3":"MLT","isoNumerical":"470","title":"Malta","gbifRegion":"EUROPE","enumName":"MALTA"},{"iso2":"MH","iso3":"MHL","isoNumerical":"584","title":"Marshall
        Islands","gbifRegion":"OCEANIA","enumName":"MARSHALL_ISLANDS"},{"iso2":"MQ","iso3":"MTQ","isoNumerical":"474","title":"Martinique","gbifRegion":"LATIN_AMERICA","enumName":"MARTINIQUE"},{"iso2":"MR","iso3":"MRT","isoNumerical":"478","title":"Mauritania","gbifRegion":"AFRICA","enumName":"MAURITANIA"},{"iso2":"MU","iso3":"MUS","isoNumerical":"480","title":"Mauritius","gbifRegion":"AFRICA","enumName":"MAURITIUS"},{"iso2":"YT","iso3":"MYT","isoNumerical":"175","title":"Mayotte","gbifRegion":"AFRICA","enumName":"MAYOTTE"},{"iso2":"MX","iso3":"MEX","isoNumerical":"484","title":"Mexico","gbifRegion":"LATIN_AMERICA","enumName":"MEXICO"},{"iso2":"FM","iso3":"FSM","isoNumerical":"583","title":"Micronesia
        (Federated States of)","gbifRegion":"OCEANIA","enumName":"MICRONESIA"},{"iso2":"MD","iso3":"MDA","isoNumerical":"498","title":"Moldova,
        Republic of","gbifRegion":"EUROPE","enumName":"MOLDOVA"},{"iso2":"MC","iso3":"MCO","isoNumerical":"492","title":"Monaco","gbifRegion":"EUROPE","enumName":"MONACO"},{"iso2":"MN","iso3":"MNG","isoNumerical":"496","title":"Mongolia","gbifRegion":"ASIA","enumName":"MONGOLIA"},{"iso2":"ME","iso3":"MNE","isoNumerical":"499","title":"Montenegro","gbifRegion":"EUROPE","enumName":"MONTENEGRO"},{"iso2":"MS","iso3":"MSR","isoNumerical":"500","title":"Montserrat","gbifRegion":"LATIN_AMERICA","enumName":"MONTSERRAT"},{"iso2":"MA","iso3":"MAR","isoNumerical":"504","title":"Morocco","gbifRegion":"AFRICA","enumName":"MOROCCO"},{"iso2":"MZ","iso3":"MOZ","isoNumerical":"508","title":"Mozambique","gbifRegion":"AFRICA","enumName":"MOZAMBIQUE"},{"iso2":"MM","iso3":"MMR","isoNumerical":"104","title":"Myanmar","gbifRegion":"ASIA","enumName":"MYANMAR"},{"iso2":"NA","iso3":"NAM","isoNumerical":"516","title":"Namibia","gbifRegion":"AFRICA","enumName":"NAMIBIA"},{"iso2":"NR","iso3":"NRU","isoNumerical":"520","title":"Nauru","gbifRegion":"OCEANIA","enumName":"NAURU"},{"iso2":"NP","iso3":"NPL","isoNumerical":"524","title":"Nepal","gbifRegion":"ASIA","enumName":"NEPAL"},{"iso2":"NL","iso3":"NLD","isoNumerical":"528","title":"Netherlands","gbifRegion":"EUROPE","enumName":"NETHERLANDS"},{"iso2":"NC","iso3":"NCL","isoNumerical":"540","title":"New
        Caledonia","gbifRegion":"OCEANIA","enumName":"NEW_CALEDONIA"},{"iso2":"NZ","iso3":"NZL","isoNumerical":"554","title":"New
        Zealand","gbifRegion":"OCEANIA","enumName":"NEW_ZEALAND"},{"iso2":"NI","iso3":"NIC","isoNumerical":"558","title":"Nicaragua","gbifRegion":"LATIN_AMERICA","enumName":"NICARAGUA"},{"iso2":"NE","iso3":"NER","isoNumerical":"562","title":"Niger","gbifRegion":"AFRICA","enumName":"NIGER"},{"iso2":"NG","iso3":"NGA","isoNumerical":"566","title":"Nigeria","gbifRegion":"AFRICA","enumName":"NIGERIA"},{"iso2":"NU","iso3":"NIU","isoNumerical":"570","title":"Niue","gbifRegion":"OCEANIA","enumName":"NIUE"},{"iso2":"NF","iso3":"NFK","isoNumerical":"574","title":"Norfolk
        Island","gbifRegion":"OCEANIA","enumName":"NORFOLK_ISLAND"},{"iso2":"MP","iso3":"MNP","isoNumerical":"580","title":"Northern
        Mariana Islands","gbifRegion":"OCEANIA","enumName":"NORTHERN_MARIANA_ISLANDS"},{"iso2":"NO","iso3":"NOR","isoNumerical":"578","title":"Norway","gbifRegion":"EUROPE","enumName":"NORWAY"},{"iso2":"OM","iso3":"OMN","isoNumerical":"512","title":"Oman","gbifRegion":"ASIA","enumName":"OMAN"},{"iso2":"PK","iso3":"PAK","isoNumerical":"586","title":"Pakistan","gbifRegion":"ASIA","enumName":"PAKISTAN"},{"iso2":"PW","iso3":"PLW","isoNumerical":"585","title":"Palau","gbifRegion":"OCEANIA","enumName":"PALAU"},{"iso2":"PS","iso3":"PSE","isoNumerical":"275","title":"Palestine,
        State of","gbifRegion":"ASIA","enumName":"PALESTINIAN_TERRITORY"},{"iso2":"PA","iso3":"PAN","isoNumerical":"591","title":"Panama","gbifRegion":"LATIN_AMERICA","enumName":"PANAMA"},{"iso2":"PG","iso3":"PNG","isoNumerical":"598","title":"Papua
        New Guinea","gbifRegion":"OCEANIA","enumName":"PAPUA_NEW_GUINEA"},{"iso2":"PY","iso3":"PRY","isoNumerical":"600","title":"Paraguay","gbifRegion":"LATIN_AMERICA","enumName":"PARAGUAY"},{"iso2":"PE","iso3":"PER","isoNumerical":"604","title":"Peru","gbifRegion":"LATIN_AMERICA","enumName":"PERU"},{"iso2":"PH","iso3":"PHL","isoNumerical":"608","title":"Philippines","gbifRegion":"ASIA","enumName":"PHILIPPINES"},{"iso2":"PN","iso3":"PCN","isoNumerical":"612","title":"Pitcairn","gbifRegion":"OCEANIA","enumName":"PITCAIRN"},{"iso2":"PL","iso3":"POL","isoNumerical":"616","title":"Poland","gbifRegion":"EUROPE","enumName":"POLAND"},{"iso2":"PT","iso3":"PRT","isoNumerical":"620","title":"Portugal","gbifRegion":"EUROPE","enumName":"PORTUGAL"},{"iso2":"PR","iso3":"PRI","isoNumerical":"630","title":"Puerto
        Rico","gbifRegion":"LATIN_AMERICA","enumName":"PUERTO_RICO"},{"iso2":"QA","iso3":"QAT","isoNumerical":"634","title":"Qatar","gbifRegion":"ASIA","enumName":"QATAR"},{"iso2":"RE","iso3":"REU","isoNumerical":"638","title":"Réunion","gbifRegion":"AFRICA","enumName":"RÉUNION"},{"iso2":"RO","iso3":"ROU","isoNumerical":"642","title":"Romania","gbifRegion":"EUROPE","enumName":"ROMANIA"},{"iso2":"RU","iso3":"RUS","isoNumerical":"643","title":"Russian
        Federation","gbifRegion":"EUROPE","enumName":"RUSSIAN_FEDERATION"},{"iso2":"RW","iso3":"RWA","isoNumerical":"646","title":"Rwanda","gbifRegion":"AFRICA","enumName":"RWANDA"},{"iso2":"BL","iso3":"BLM","isoNumerical":"652","title":"Saint
        Barthélemy","gbifRegion":"LATIN_AMERICA","enumName":"SAINT_BARTHÉLEMY"},{"iso2":"SH","iso3":"SHN","isoNumerical":"654","title":"Saint
        Helena, Ascension and Tristan da Cunha","gbifRegion":"AFRICA","enumName":"SAINT_HELENA_ASCENSION_TRISTAN_DA_CUNHA"},{"iso2":"KN","iso3":"KNA","isoNumerical":"659","title":"Saint
        Kitts and Nevis","gbifRegion":"LATIN_AMERICA","enumName":"SAINT_KITTS_NEVIS"},{"iso2":"LC","iso3":"LCA","isoNumerical":"662","title":"Saint
        Lucia","gbifRegion":"LATIN_AMERICA","enumName":"SAINT_LUCIA"},{"iso2":"MF","iso3":"MAF","isoNumerical":"663","title":"Saint
        Martin (French part)","gbifRegion":"LATIN_AMERICA","enumName":"SAINT_MARTIN_FRENCH"},{"iso2":"PM","iso3":"SPM","isoNumerical":"666","title":"Saint
        Pierre and Miquelon","gbifRegion":"NORTH_AMERICA","enumName":"SAINT_PIERRE_MIQUELON"},{"iso2":"VC","iso3":"VCT","isoNumerical":"670","title":"Saint
        Vincent and the Grenadines","gbifRegion":"LATIN_AMERICA","enumName":"SAINT_VINCENT_GRENADINES"},{"iso2":"WS","iso3":"WSM","isoNumerical":"882","title":"Samoa","gbifRegion":"OCEANIA","enumName":"SAMOA"},{"iso2":"SM","iso3":"SMR","isoNumerical":"674","title":"San
        Marino","gbifRegion":"EUROPE","enumName":"SAN_MARINO"},{"iso2":"ST","iso3":"STP","isoNumerical":"678","title":"Sao
        Tome and Principe","gbifRegion":"AFRICA","enumName":"SAO_TOME_PRINCIPE"},{"iso2":"SA","iso3":"SAU","isoNumerical":"682","title":"Saudi
        Arabia","gbifRegion":"ASIA","enumName":"SAUDI_ARABIA"},{"iso2":"SN","iso3":"SEN","isoNumerical":"686","title":"Senegal","gbifRegion":"AFRICA","enumName":"SENEGAL"},{"iso2":"RS","iso3":"SRB","isoNumerical":"688","title":"Serbia","gbifRegion":"EUROPE","enumName":"SERBIA"},{"iso2":"SC","iso3":"SYC","isoNumerical":"690","title":"Seychelles","gbifRegion":"AFRICA","enumName":"SEYCHELLES"},{"iso2":"SL","iso3":"SLE","isoNumerical":"694","title":"Sierra
        Leone","gbifRegion":"AFRICA","enumName":"SIERRA_LEONE"},{"iso2":"SG","iso3":"SGP","isoNumerical":"702","title":"Singapore","gbifRegion":"ASIA","enumName":"SINGAPORE"},{"iso2":"SX","iso3":"SXM","isoNumerical":"534","title":"Sint
        Maarten (Dutch part)","gbifRegion":"LATIN_AMERICA","enumName":"SINT_MAARTEN"},{"iso2":"SK","iso3":"SVK","isoNumerical":"703","title":"Slovakia","gbifRegion":"EUROPE","enumName":"SLOVAKIA"},{"iso2":"SI","iso3":"SVN","isoNumerical":"705","title":"Slovenia","gbifRegion":"EUROPE","enumName":"SLOVENIA"},{"iso2":"SB","iso3":"SLB","isoNumerical":"90","title":"Solomon
        Islands","gbifRegion":"OCEANIA","enumName":"SOLOMON_ISLANDS"},{"iso2":"SO","iso3":"SOM","isoNumerical":"706","title":"Somalia","gbifRegion":"AFRICA","enumName":"SOMALIA"},{"iso2":"ZA","iso3":"ZAF","isoNumerical":"710","title":"South
        Africa","gbifRegion":"AFRICA","enumName":"SOUTH_AFRICA"},{"iso2":"GS","iso3":"SGS","isoNumerical":"239","title":"South
        Georgia and the South Sandwich Islands","gbifRegion":"ANTARCTICA","enumName":"SOUTH_GEORGIA_SANDWICH_ISLANDS"},{"iso2":"SS","iso3":"SSD","isoNumerical":"728","title":"South
        Sudan","gbifRegion":"AFRICA","enumName":"SOUTH_SUDAN"},{"iso2":"ES","iso3":"ESP","isoNumerical":"724","title":"Spain","gbifRegion":"EUROPE","enumName":"SPAIN"},{"iso2":"LK","iso3":"LKA","isoNumerical":"144","title":"Sri
        Lanka","gbifRegion":"ASIA","enumName":"SRI_LANKA"},{"iso2":"SD","iso3":"SDN","isoNumerical":"729","title":"Sudan","gbifRegion":"AFRICA","enumName":"SUDAN"},{"iso2":"SR","iso3":"SUR","isoNumerical":"740","title":"Suriname","gbifRegion":"LATIN_AMERICA","enumName":"SURINAME"},{"iso2":"SJ","iso3":"SJM","isoNumerical":"744","title":"Svalbard
        and Jan Mayen","gbifRegion":"EUROPE","enumName":"SVALBARD_JAN_MAYEN"},{"iso2":"SZ","iso3":"SWZ","isoNumerical":"748","title":"Eswatini","gbifRegion":"AFRICA","enumName":"SWAZILAND"},{"iso2":"SE","iso3":"SWE","isoNumerical":"752","title":"Sweden","gbifRegion":"EUROPE","enumName":"SWEDEN"},{"iso2":"CH","iso3":"CHE","isoNumerical":"756","title":"Switzerland","gbifRegion":"EUROPE","enumName":"SWITZERLAND"},{"iso2":"SY","iso3":"SYR","isoNumerical":"760","title":"Syrian
        Arab Republic","gbifRegion":"ASIA","enumName":"SYRIA"},{"iso2":"TW","iso3":"TWN","isoNumerical":"158","title":"Chinese
        Taipei","gbifRegion":"ASIA","enumName":"TAIWAN"},{"iso2":"TJ","iso3":"TJK","isoNumerical":"762","title":"Tajikistan","gbifRegion":"EUROPE","enumName":"TAJIKISTAN"},{"iso2":"TZ","iso3":"TZA","isoNumerical":"834","title":"Tanzania,
        United Republic of","gbifRegion":"AFRICA","enumName":"TANZANIA"},{"iso2":"TH","iso3":"THA","isoNumerical":"764","title":"Thailand","gbifRegion":"ASIA","enumName":"THAILAND"},{"iso2":"TL","iso3":"TLS","isoNumerical":"626","title":"Timor-Leste","gbifRegion":"ASIA","enumName":"TIMOR_LESTE"},{"iso2":"TG","iso3":"TGO","isoNumerical":"768","title":"Togo","gbifRegion":"AFRICA","enumName":"TOGO"},{"iso2":"TK","iso3":"TKL","isoNumerical":"772","title":"Tokelau","gbifRegion":"OCEANIA","enumName":"TOKELAU"},{"iso2":"TO","iso3":"TON","isoNumerical":"776","title":"Tonga","gbifRegion":"OCEANIA","enumName":"TONGA"},{"iso2":"TT","iso3":"TTO","isoNumerical":"780","title":"Trinidad
        and Tobago","gbifRegion":"LATIN_AMERICA","enumName":"TRINIDAD_TOBAGO"},{"iso2":"TN","iso3":"TUN","isoNumerical":"788","title":"Tunisia","gbifRegion":"AFRICA","enumName":"TUNISIA"},{"iso2":"TR","iso3":"TUR","isoNumerical":"792","title":"Türkiye","gbifRegion":"EUROPE","enumName":"TURKEY"},{"iso2":"TM","iso3":"TKM","isoNumerical":"795","title":"Turkmenistan","gbifRegion":"EUROPE","enumName":"TURKMENISTAN"},{"iso2":"TC","iso3":"TCA","isoNumerical":"796","title":"Turks
        and Caicos Islands","gbifRegion":"LATIN_AMERICA","enumName":"TURKS_CAICOS_ISLANDS"},{"iso2":"TV","iso3":"TUV","isoNumerical":"798","title":"Tuvalu","gbifRegion":"OCEANIA","enumName":"TUVALU"},{"iso2":"UG","iso3":"UGA","isoNumerical":"800","title":"Uganda","gbifRegion":"AFRICA","enumName":"UGANDA"},{"iso2":"UA","iso3":"UKR","isoNumerical":"804","title":"Ukraine","gbifRegion":"EUROPE","enumName":"UKRAINE"},{"iso2":"AE","iso3":"ARE","isoNumerical":"784","title":"United
        Arab Emirates","gbifRegion":"ASIA","enumName":"UNITED_ARAB_EMIRATES"},{"iso2":"GB","iso3":"GBR","isoNumerical":"826","title":"United
        Kingdom of Great Britain and Northern Ireland","gbifRegion":"EUROPE","enumName":"UNITED_KINGDOM"},{"iso2":"US","iso3":"USA","isoNumerical":"840","title":"United
        States of America","gbifRegion":"NORTH_AMERICA","enumName":"UNITED_STATES"},{"iso2":"UM","iso3":"UMI","isoNumerical":"581","title":"United
        States Minor Outlying Islands","gbifRegion":"OCEANIA","enumName":"UNITED_STATES_OUTLYING_ISLANDS"},{"iso2":"UY","iso3":"URY","isoNumerical":"858","title":"Uruguay","gbifRegion":"LATIN_AMERICA","enumName":"URUGUAY"},{"iso2":"UZ","iso3":"UZB","isoNumerical":"860","title":"Uzbekistan","gbifRegion":"EUROPE","enumName":"UZBEKISTAN"},{"iso2":"VU","iso3":"VUT","isoNumerical":"548","title":"Vanuatu","gbifRegion":"OCEANIA","enumName":"VANUATU"},{"iso2":"VE","iso3":"VEN","isoNumerical":"862","title":"Venezuela
        (Bolivarian Republic of)","gbifRegion":"LATIN_AMERICA","enumName":"VENEZUELA"},{"iso2":"VN","iso3":"VNM","isoNumerical":"704","title":"Viet
        Nam","gbifRegion":"ASIA","enumName":"VIETNAM"},{"iso2":"VG","iso3":"VGB","isoNumerical":"92","title":"Virgin
        Islands (British)","gbifRegion":"LATIN_AMERICA","enumName":"VIRGIN_ISLANDS_BRITISH"},{"iso2":"VI","iso3":"VIR","isoNumerical":"850","title":"Virgin
        Islands (U.S.)","gbifRegion":"LATIN_AMERICA","enumName":"VIRGIN_ISLANDS"},{"iso2":"WF","iso3":"WLF","isoNumerical":"876","title":"Wallis
        and Futuna","gbifRegion":"OCEANIA","enumName":"WALLIS_FUTUNA"},{"iso2":"EH","iso3":"ESH","isoNumerical":"732","title":"Western
        Sahara","gbifRegion":"AFRICA","enumName":"WESTERN_SAHARA"},{"iso2":"YE","iso3":"YEM","isoNumerical":"887","title":"Yemen","gbifRegion":"ASIA","enumName":"YEMEN"},{"iso2":"ZM","iso3":"ZMB","isoNumerical":"894","title":"Zambia","gbifRegion":"AFRICA","enumName":"ZAMBIA"},{"iso2":"ZW","iso3":"ZWE","isoNumerical":"716","title":"Zimbabwe","gbifRegion":"AFRICA","enumName":"ZIMBABWE"},{"iso2":"XK","iso3":"XKX","isoNumerical":"902","title":"Kosovo","gbifRegion":"EUROPE","enumName":"KOSOVO"}]'
  recorded_at: 2023-08-29 13:20:55 GMT
  recorded_with: vcr/1.2.0, webmockr/0.9.0
- request:
    method: get
    uri: https://api.gbif.org/v1/occurrence/counts/year?year=
    body:
      encoding: ''
      string: ''
    headers:
      Accept-Encoding: gzip, deflate
      Accept: application/json, text/xml, application/xml, */*
  response:
    status:
      status_code: '200'
      message: OK
      explanation: Request fulfilled, document follows
    headers:
      status: HTTP/1.1 200 OK
      content-type: application/json
    body:
      encoding: ''
      file: no
      string: '{"2022":253804891,"2021":236675436,"2020":210149085,"2019":176048976,"2018":157195389,"2017":132923460,"2016":117662675,"2015":103515662,"2014":93256985,"2013":79217558,"2012":70980316,"2011":58113476,"2010":53713937,"2009":49839175,"2008":40854771,"2007":39205652,"2006":33015661,"2005":30654275,"2023":27608183,"2004":27271404,"2003":24585895,"2002":23322235,"2001":21711571,"2000":20817140,"1999":20052646,"1998":16795751,"1997":16414143,"1995":15637576,"1996":15412600,"1994":13689705,"1993":13455635,"1992":13209611,"1990":12989972,"1991":12291252,"1987":12238547,"1988":11700514,"1989":10756610,"1986":10342516,"1985":9903625,"1984":9280880,"1980":8995928,"1983":8241924,"1982":7995840,"1981":7789147,"1978":7327124,"1979":7194212,"1977":6384586,"1976":5720080,"1975":5174054,"1974":4888931,"1972":4884612,"1970":4857203,"1973":4707138,"1971":4497035,"1968":4095009,"1969":3767504,"1967":3622202,"1965":3538044,"1966":3517972,"1964":3399526,"1960":3019130,"1963":3008422,"1962":2522368,"1961":2467727,"1959":2256481,"1950":2241051,"1958":2210623,"1957":2036618,"1945":1857407,"1956":1743137,"1955":1591133,"1953":1534579,"1951":1503746,"1954":1497490,"1952":1470835,"1938":1405789,"1937":1381900,"1930":1365304,"1940":1332553,"1936":1318700,"1949":1318188,"1934":1298813,"1948":1287921,"1939":1272937,"1935":1266729,"1932":1184346,"1931":1160616,"1947":1102755,"1933":1085494,"1946":954488,"1929":946152,"1941":909654,"1928":851284,"1920":821793,"1927":790727,"1942":765723,"1944":752199,"1926":732292,"1908":704229,"1925":701217,"1900":693785,"1913":679907,"1909":669482,"1901":661589,"1910":652263,"1903":645118,"1905":639649,"1922":627935,"1915":625837,"1924":625727,"1912":613820,"1943":612453,"1902":610876,"1906":606892,"1914":605860,"1904":605345,"1923":600348,"1916":598514,"1911":590336,"1921":573278,"1917":558499,"1907":557018,"1918":513041,"1919":506813,"1800":475273,"1897":464050,"1899":451341,"1894":447809,"1898":443952,"1896":438281,"1895":403869,"1892":394922,"1893":369879,"1890":346825,"1889":341760,"1891":339223,"1885":299617,"1888":291750,"1886":278692,"1887":276831,"1884":260696,"1882":230592,"1883":228790,"1880":228374,"1879":195351,"1881":187756,"1878":153411,"1875":148028,"1860":146314,"1874":144734,"1877":143545,"1500":142408,"1873":140281,"1876":136728,"1872":131589,"1865":124793,"1844":124319,"1850":113826,"1867":112534,"1868":111451,"1870":110414,"1861":104158,"1600":103168,"1866":102753,"1869":100468,"1871":96484,"1864":92859,"1862":88040,"1849":87368,"1863":80129,"1859":78723,"1853":77458,"1837":72631,"1845":71973,"1838":71726,"1854":71493,"1857":69259,"1856":68357,"1840":67082,"1851":66802,"1855":65696,"1852":63277,"1716":60527,"1858":56095,"1847":54887,"1842":54225,"1841":54020,"1839":47479,"1846":46325,"1843":46015,"1830":45671,"1816":42379,"1848":41297,"1836":41027,"1785":38252,"1750":37936,"1833":34182,"1835":30502,"1820":28911,"1829":27005,"1818":26569,"1832":25241,"1834":25176,"1827":23312,"1831":22592,"1828":21614,"1770":21610,"1826":20590,"1825":19358,"1670":18635,"1629":16833,"1824":15174,"1822":13720,"1821":11925,"1814":11522,"1823":11437,"1802":9816,"1700":9662,"1817":8986,"1797":8894,"1790":8395,"1819":7447,"1650":7287,"1815":7006,"1801":6906,"1758":6241,"1793":6201,"1810":5911,"1799":5605,"1813":5598,"1808":5593,"1786":5457,"1776":5205,"1807":4796,"1805":4576,"1803":4448,"1796":4386,"1804":4342,"1809":4318,"1787":4158,"1812":4014,"1760":3994,"1792":3439,"1788":3402,"1806":3217,"1778":3147,"1798":2990,"1727":2971,"1780":2937,"1811":2921,"1663":2783,"1575":2640,"1720":2639,"1745":2515,"1762":2432,"1576":2250,"1775":2069,"1736":2041,"1783":1996,"1795":1974,"1789":1921,"1791":1895,"1794":1769,"1767":1761,"1769":1712,"1757":1655,"1635":1409,"1683":1408,"1768":1340,"1761":1323,"1779":1114,"1693":1080,"1782":1022,"1601":975,"1774":969,"1698":967,"1578":955,"1744":926,"1784":911,"1732":903,"1772":834,"1580":811,"1773":803,"1777":745,"1708":715,"1579":705,"1781":690,"1715":657,"1764":568,"1743":507,"1550":502,"1747":492,"1655":482,"1765":458,"1748":442,"1755":425,"1771":387,"1738":343,"1753":319,"1766":300,"1730":299,"1520":296,"1701":277,"1731":268,"1674":250,"1763":228,"1678":216,"1574":203,"1706":202,"1751":195,"1660":189,"1749":188,"1759":178,"1702":173,"1566":163,"1742":159,"1717":154,"1675":150,"1699":144,"1726":138,"1728":130,"1754":120,"1756":109,"1581":103,"1725":99,"1703":91,"1636":91,"1691":87,"1723":82,"1712":77,"1687":77,"1752":76,"1741":76,"1740":76,"1737":75,"1690":75,"1696":69,"1729":68,"1734":67,"1639":67,"1746":66,"1733":65,"1735":63,"1695":62,"1697":59,"1651":58,"1515":58,"1656":57,"1710":55,"1707":55,"1709":54,"1705":54,"1694":53,"1692":52,"1739":51,"1677":51,"1721":50,"1719":49,"1724":48,"1676":48,"1669":48,"1711":47,"1722":46,"1654":46,"1718":45,"1704":45,"1662":44,"1665":43,"1713":41,"1590":41,"1714":39,"1666":39,"1684":38,"1681":37,"1680":37,"1664":37,"1557":37,"1632":35,"1689":34,"1688":34,"1646":34,"1633":33,"1667":32,"1634":32,"1606":32,"1640":31,"1577":31,"1549":31,"1682":30,"1652":30,"1637":30,"1626":30,"1620":30,"1617":30,"1598":30,"1672":29,"1668":29,"1661":29,"1657":29,"1648":29,"1616":29,"1612":29,"1560":29,"1545":29,"1671":28,"1659":28,"1658":28,"1653":28,"1641":28,"1595":28,"1685":27,"1645":27,"1627":27,"1623":27,"1609":27,"1608":27,"1599":27,"1642":26,"1638":26,"1630":26,"1613":26,"1531":26,"1673":25,"1619":25,"1614":25,"1611":25,"1603":25,"1572":25,"1571":25,"1570":25,"1565":25,"1558":25,"1555":25,"1526":25,"1686":24,"1649":24,"1610":24,"1597":24,"1596":24,"1594":24,"1562":24,"1561":24,"1529":24,"1643":23,"1631":23,"1625":23,"1618":23,"1607":23,"1604":23,"1556":23,"1548":23,"1541":23,"1647":22,"1644":22,"1628":22,"1602":22,"1593":22,"1589":22,"1584":22,"1582":22,"1568":22,"1563":22,"1547":22,"1543":22,"1535":22,"1532":22,"1624":21,"1621":21,"1605":21,"1592":21,"1591":21,"1586":21,"1585":21,"1573":21,"1569":21,"1564":21,"1559":21,"1554":21,"1552":21,"1546":21,"1539":21,"1538":21,"1537":21,"1536":21,"1534":21,"1533":21,"1530":21,"1527":21,"1522":21,"1679":20,"1615":20,"1588":20,"1587":20,"1583":20,"1551":20,"1542":20,"1528":20,"1521":20,"1622":19,"1567":19,"1553":19,"1544":19,"1540":19,"1525":19,"1524":19,"1523":19,"1501":19,"1507":12,"1510":9,"1519":8,"1518":7,"1508":7,"1504":7,"1502":7,"1516":6,"1513":5,"1512":5,"1517":4,"1514":4,"1509":4,"1506":4,"1505":4,"1511":3,"1503":3}'
  recorded_at: 2023-08-29 13:20:55 GMT
  recorded_with: vcr/1.2.0, webmockr/0.9.0
- request:
    method: get
    uri: https://api.gbif.org/v1/occurrence/counts/year?year=1990%2C2000
    body:
      encoding: ''
      string: ''
    headers:
      Accept-Encoding: gzip, deflate
      Accept: application/json, text/xml, application/xml, */*
  response:
    status:
      status_code: '200'
      message: OK
      explanation: Request fulfilled, document follows
    headers:
      status: HTTP/1.1 200 OK
      content-type: application/json
    body:
      encoding: ''
      file: no
      string: '{"2000":20817140,"1999":20052646,"1998":16795751,"1997":16414143,"1995":15637576,"1996":15412600,"1994":13689705,"1993":13455635,"1992":13209611,"1990":12989972,"1991":12291252}'
  recorded_at: 2023-08-29 13:20:55 GMT
  recorded_with: vcr/1.2.0, webmockr/0.9.0
- request:
    method: get
    uri: https://api.gbif.org/v1/occurrence/counts/basisOfRecord
    body:
      encoding: ''
      string: ''
    headers:
      Accept-Encoding: gzip, deflate
      Accept: application/json, text/xml, application/xml, */*
  response:
    status:
      status_code: '200'
      message: OK
      explanation: Request fulfilled, document follows
    headers:
      status: HTTP/1.1 200 OK
      content-type: application/json
    body:
      encoding: ''
      file: no
      string: '{"HUMAN_OBSERVATION":2218042549,"PRESERVED_SPECIMEN":228372777,"MATERIAL_SAMPLE":55243416,"OCCURRENCE":43104772,"OBSERVATION":23404254,"MACHINE_OBSERVATION":17554299,"FOSSIL_SPECIMEN":10172622,"MATERIAL_CITATION":3404572,"LIVING_SPECIMEN":1966642}'
  recorded_at: 2023-08-29 13:20:55 GMT
  recorded_with: vcr/1.2.0, webmockr/0.9.0
