http_interactions:
- request:
    method: get
    uri: https://api.gbif.org/v1/occurrence/search/catalogNumber?q=122&limit=5
    body:
      encoding: ''
      string: ''
    headers:
      Accept-Encoding: gzip, deflate
      Accept: application/json, text/xml, application/xml, */*
      User-Agent: r-curl/3.2 crul/0.6.0 rOpenSci(rgbif/1.0.4.9100)
      X-USER-AGENT: r-curl/3.2 crul/0.6.0 rOpenSci(rgbif/1.0.4.9100)
  response:
    status:
      status_code: '200'
      message: OK
      explanation: Request fulfilled, document follows
    headers:
      status: HTTP/1.1 200 OK
      date: Tue, 09 Oct 2018 21:46:58 GMT
      content-type: application/json
      access-control-allow-origin: '*'
      access-control-allow-methods: HEAD, GET, POST, DELETE, PUT
      server: Jetty(9.3.z-SNAPSHOT)
      x-api-url: /v1/occurrence/search/catalogNumber?q=122&limit=5
      cache-control: public, max-age=600
      x-varnish: 90734610 17764492
      age: '0'
      via: 1.1 varnish (Varnish/5.2)
      accept-ranges: bytes
      content-length: '46'
      connection: keep-alive
    body:
      encoding: UTF-8
      string: '["122","122-10a","122-16a","122-20","122-257"]'
  recorded_at: 2018-10-09 21:47:02 GMT
  recorded_with: vcr/0.1.0.9110, webmockr/0.2.6, crul/0.6.0
- request:
    method: get
    uri: https://api.gbif.org/v1/occurrence/search/collectionCode?q=12&limit=5
    body:
      encoding: ''
      string: ''
    headers:
      Accept-Encoding: gzip, deflate
      Accept: application/json, text/xml, application/xml, */*
      User-Agent: r-curl/3.2 crul/0.6.0 rOpenSci(rgbif/1.0.4.9100)
      X-USER-AGENT: r-curl/3.2 crul/0.6.0 rOpenSci(rgbif/1.0.4.9100)
  response:
    status:
      status_code: '200'
      message: OK
      explanation: Request fulfilled, document follows
    headers:
      status: HTTP/1.1 200 OK
      date: Tue, 09 Oct 2018 21:46:59 GMT
      content-type: application/json
      access-control-allow-origin: '*'
      access-control-allow-methods: HEAD, GET, POST, DELETE, PUT
      server: Jetty(9.3.z-SNAPSHOT)
      x-api-url: /v1/occurrence/search/collectionCode?q=12&limit=5
      cache-control: public, max-age=600
      x-varnish: 56559747 12849888
      age: '0'
      via: 1.1 varnish (Varnish/5.2)
      accept-ranges: bytes
      content-length: '35'
      connection: keep-alive
    body:
      encoding: UTF-8
      string: '["12","12-j","12.190","120","1200"]'
  recorded_at: 2018-10-09 21:47:02 GMT
  recorded_with: vcr/0.1.0.9110, webmockr/0.2.6, crul/0.6.0
- request:
    method: get
    uri: https://api.gbif.org/v1/occurrence/search/institutionCode?q=GB&limit=5
    body:
      encoding: ''
      string: ''
    headers:
      Accept-Encoding: gzip, deflate
      Accept: application/json, text/xml, application/xml, */*
      User-Agent: r-curl/3.2 crul/0.6.0 rOpenSci(rgbif/1.0.4.9100)
      X-USER-AGENT: r-curl/3.2 crul/0.6.0 rOpenSci(rgbif/1.0.4.9100)
  response:
    status:
      status_code: '200'
      message: OK
      explanation: Request fulfilled, document follows
    headers:
      status: HTTP/1.1 200 OK
      date: Tue, 09 Oct 2018 21:47:00 GMT
      content-type: application/json
      access-control-allow-origin: '*'
      access-control-allow-methods: HEAD, GET, POST, DELETE, PUT
      server: Jetty(9.3.z-SNAPSHOT)
      x-api-url: /v1/occurrence/search/institutionCode?q=GB&limit=5
      cache-control: public, max-age=600
      x-varnish: 90767373 73599117
      age: '0'
      via: 1.1 varnish (Varnish/5.2)
      accept-ranges: bytes
      content-length: '41'
      connection: keep-alive
    body:
      encoding: UTF-8
      string: '["gb","gbg","gbif-se:gnm","gbp","gbr004"]'
  recorded_at: 2018-10-09 21:47:02 GMT
  recorded_with: vcr/0.1.0.9110, webmockr/0.2.6, crul/0.6.0
- request:
    method: get
    uri: https://api.gbif.org/v1/occurrence/search/catalogNumber?q=122&limit=5
    body:
      encoding: ''
      string: ''
    headers:
      Accept-Encoding: gzip, deflate
      Accept: application/json, text/xml, application/xml, */*
      User-Agent: r-curl/3.2 crul/0.6.0 rOpenSci(rgbif/1.0.4.9100)
      X-USER-AGENT: r-curl/3.2 crul/0.6.0 rOpenSci(rgbif/1.0.4.9100)
  response:
    status:
      status_code: '200'
      message: OK
      explanation: Request fulfilled, document follows
    headers:
      status: HTTP/1.1 200 OK
      date: Tue, 09 Oct 2018 21:46:58 GMT
      content-type: application/json
      access-control-allow-origin: '*'
      access-control-allow-methods: HEAD, GET, POST, DELETE, PUT
      server: Jetty(9.3.z-SNAPSHOT)
      x-api-url: /v1/occurrence/search/catalogNumber?q=122&limit=5
      cache-control: public, max-age=600
      x-varnish: 27728513 17764492
      age: '1'
      via: 1.1 varnish (Varnish/5.2)
      accept-ranges: bytes
      content-length: '46'
      connection: keep-alive
    body:
      encoding: UTF-8
      string: '["122","122-10a","122-16a","122-20","122-257"]'
  recorded_at: 2018-10-09 21:47:02 GMT
  recorded_with: vcr/0.1.0.9110, webmockr/0.2.6, crul/0.6.0
- request:
    method: get
    uri: https://api.gbif.org/v1/occurrence/search/catalogNumber?q=122&limit=5
    body:
      encoding: ''
      string: ''
    headers:
      Accept-Encoding: gzip, deflate
      Accept: application/json, text/xml, application/xml, */*
      User-Agent: r-curl/3.2 crul/0.6.0 rOpenSci(rgbif/1.0.4.9100)
      X-USER-AGENT: r-curl/3.2 crul/0.6.0 rOpenSci(rgbif/1.0.4.9100)
  response:
    status:
      status_code: '200'
      message: OK
      explanation: Request fulfilled, document follows
    headers:
      status: HTTP/1.1 200 OK
      date: Tue, 09 Oct 2018 21:46:58 GMT
      content-type: application/json
      access-control-allow-origin: '*'
      access-control-allow-methods: HEAD, GET, POST, DELETE, PUT
      server: Jetty(9.3.z-SNAPSHOT)
      x-api-url: /v1/occurrence/search/catalogNumber?q=122&limit=5
      cache-control: public, max-age=600
      x-varnish: 69699600 17764492
      age: '1'
      via: 1.1 varnish (Varnish/5.2)
      accept-ranges: bytes
      content-length: '46'
      connection: keep-alive
    body:
      encoding: UTF-8
      string: '["122","122-10a","122-16a","122-20","122-257"]'
  recorded_at: 2018-10-09 21:47:02 GMT
  recorded_with: vcr/0.1.0.9110, webmockr/0.2.6, crul/0.6.0
- request:
    method: get
    uri: https://api.gbif.org/v1/occurrence/search/catalogNumber?q=122&limit=10
    body:
      encoding: ''
      string: ''
    headers:
      Accept-Encoding: gzip, deflate
      Accept: application/json, text/xml, application/xml, */*
      User-Agent: r-curl/3.2 crul/0.6.0 rOpenSci(rgbif/1.0.4.9100)
      X-USER-AGENT: r-curl/3.2 crul/0.6.0 rOpenSci(rgbif/1.0.4.9100)
  response:
    status:
      status_code: '200'
      message: OK
      explanation: Request fulfilled, document follows
    headers:
      status: HTTP/1.1 200 OK
      date: Tue, 09 Oct 2018 21:47:01 GMT
      content-type: application/json
      access-control-allow-origin: '*'
      access-control-allow-methods: HEAD, GET, POST, DELETE, PUT
      server: Jetty(9.3.z-SNAPSHOT)
      x-api-url: /v1/occurrence/search/catalogNumber?q=122&limit=10
      cache-control: public, max-age=600
      x-varnish: 12261519 69699604
      age: '0'
      via: 1.1 varnish (Varnish/5.2)
      accept-ranges: bytes
      content-length: '93'
      connection: keep-alive
    body:
      encoding: UTF-8
      string: '["122","122 cyl","122-1","122-19a","122-208.q","122-3","122-40a","122-47.","122-5","122-70a"]'
  recorded_at: 2018-10-09 21:47:02 GMT
  recorded_with: vcr/0.1.0.9110, webmockr/0.2.6, crul/0.6.0
- request:
    method: get
    uri: https://api.gbif.org/v1/occurrence/search/catalogNumber?q=122&limit=5
    body:
      encoding: ''
      string: ''
    headers:
      Accept-Encoding: gzip, deflate
      Accept: application/json, text/xml, application/xml, */*
      User-Agent: r-curl/3.2 crul/0.6.0 rOpenSci(rgbif/1.0.4.9100)
      X-USER-AGENT: r-curl/3.2 crul/0.6.0 rOpenSci(rgbif/1.0.4.9100)
  response:
    status:
      status_code: '200'
      message: OK
      explanation: Request fulfilled, document follows
    headers:
      status: HTTP/1.1 200 OK
      date: Tue, 09 Oct 2018 21:46:58 GMT
      content-type: application/json
      access-control-allow-origin: '*'
      access-control-allow-methods: HEAD, GET, POST, DELETE, PUT
      server: Jetty(9.3.z-SNAPSHOT)
      x-api-url: /v1/occurrence/search/catalogNumber?q=122&limit=5
      cache-control: public, max-age=600
      x-varnish: 69699622 17764492
      age: '2'
      via: 1.1 varnish (Varnish/5.2)
      accept-ranges: bytes
      content-length: '46'
      connection: keep-alive
    body:
      encoding: UTF-8
      string: '["122","122-10a","122-16a","122-20","122-257"]'
  recorded_at: 2018-10-09 21:47:02 GMT
  recorded_with: vcr/0.1.0.9110, webmockr/0.2.6, crul/0.6.0
- request:
    method: get
    uri: https://api.gbif.org/v1/occurrence/search/catalogNumber?q=122&limit=5
    body:
      encoding: ''
      string: ''
    headers:
      Accept-Encoding: gzip, deflate
      Accept: application/json, text/xml, application/xml, */*
      User-Agent: r-curl/3.2 crul/0.6.0 rOpenSci(rgbif/1.0.4.9100)
      X-USER-AGENT: r-curl/3.2 crul/0.6.0 rOpenSci(rgbif/1.0.4.9100)
  response:
    status:
      status_code: '200'
      message: OK
      explanation: Request fulfilled, document follows
    headers:
      status: HTTP/1.1 200 OK
      date: Tue, 09 Oct 2018 21:46:58 GMT
      content-type: application/json
      access-control-allow-origin: '*'
      access-control-allow-methods: HEAD, GET, POST, DELETE, PUT
      server: Jetty(9.3.z-SNAPSHOT)
      x-api-url: /v1/occurrence/search/catalogNumber?q=122&limit=5
      cache-control: public, max-age=600
      x-varnish: 91226165 17764492
      age: '2'
      via: 1.1 varnish (Varnish/5.2)
      accept-ranges: bytes
      content-length: '46'
      connection: keep-alive
    body:
      encoding: UTF-8
      string: '["122","122-10a","122-16a","122-20","122-257"]'
  recorded_at: 2018-10-09 21:47:02 GMT
  recorded_with: vcr/0.1.0.9110, webmockr/0.2.6, crul/0.6.0
- request:
    method: get
    uri: https://api.gbif.org/v1/occurrence/search/recordedBy?q=scott&limit=5
    body:
      encoding: ''
      string: ''
    headers:
      Accept-Encoding: gzip, deflate
      Accept: application/json, text/xml, application/xml, */*
      User-Agent: r-curl/3.2 crul/0.6.0 rOpenSci(rgbif/1.0.4.9100)
      X-USER-AGENT: r-curl/3.2 crul/0.6.0 rOpenSci(rgbif/1.0.4.9100)
  response:
    status:
      status_code: '200'
      message: OK
      explanation: Request fulfilled, document follows
    headers:
      status: HTTP/1.1 200 OK
      date: Tue, 09 Oct 2018 21:47:02 GMT
      content-type: application/json
      access-control-allow-origin: '*'
      access-control-allow-methods: HEAD, GET, POST, DELETE, PUT
      server: Jetty(9.3.z-SNAPSHOT)
      x-api-url: /v1/occurrence/search/recordedBy?q=scott&limit=5
      cache-control: public, max-age=600
      x-varnish: 73599136 90538008
      age: '0'
      via: 1.1 varnish (Varnish/5.2)
      accept-ranges: bytes
      content-length: '88'
      connection: keep-alive
    body:
      encoding: UTF-8
      string: '["scott","scott & asquith","scott & cobban","scott & fitzgerald","scott
        & jenny pascoe"]'
  recorded_at: 2018-10-09 21:47:02 GMT
  recorded_with: vcr/0.1.0.9110, webmockr/0.2.6, crul/0.6.0
