http_interactions:
- request:
    method: post
    uri: https://api.gbif-uat.org/v1/occurrence/download/request
    body:
      encoding: ''
      string: '{"creator":"<gbif_user>","notification_address":["<gbif_user>@gbif.org"],"format":"DWCA","predicate":{"type":"and","predicates":[{"type":"equals","key":"COUNTRY","value":"NZ"},{"type":"equals","key":"YEAR","value":"1993"},{"type":"equals","key":"MONTH","value":"1"}]}}'
    headers:
      Accept-Encoding: gzip, deflate
      Content-Type: application/json
      Accept: application/json
  response:
    status:
      status_code: '201'
      message: Created
      explanation: Document created, URL follows
    headers:
      status: HTTP/1.1 201 Created
      content-type: application/json
    body:
      encoding: ''
      file: no
      string: 0000828-221031180420232
  recorded_at: 2023-03-22 13:15:43 GMT
  recorded_with: vcr/1.2.0, webmockr/0.8.2
- request:
    method: get
    uri: https://api.gbif-uat.org/v1/occurrence/download/0000828-221031180420232
    body:
      encoding: ''
      string: ''
    headers:
      Accept-Encoding: gzip, deflate
      Accept: application/json, text/xml, application/xml, */*
  response:
    status:
      status_code: '200'
      message: OK
      explanation: Request fulfilled, document follows
    headers:
      status: HTTP/1.1 200 OK
      content-type: application/json
    body:
      encoding: ''
      file: no
      string: '{"key":"0000828-221031180420232","doi":"10.21373/dl.ewj44z","license":"unspecified","request":{"predicate":{"type":"and","predicates":[{"type":"equals","key":"COUNTRY","value":"NZ","matchCase":false},{"type":"equals","key":"YEAR","value":"1993","matchCase":false},{"type":"equals","key":"MONTH","value":"1","matchCase":false}]},"sendNotification":false,"format":"DWCA","type":"OCCURRENCE","verbatimExtensions":[]},"created":"2023-03-22T13:14:38.886+00:00","modified":"2023-03-22T13:14:38.886+00:00","eraseAfter":"2023-09-22T13:14:38.810+00:00","status":"PREPARING","downloadLink":"https://api.gbif-uat.org/v1/occurrence/download/request/0000828-221031180420232.zip","size":0,"totalRecords":0,"numberDatasets":0}'
  recorded_at: 2023-03-22 13:15:43 GMT
  recorded_with: vcr/1.2.0, webmockr/0.8.2
- request:
    method: post
    uri: https://api.gbif-uat.org/v1/occurrence/download/request
    body:
      encoding: ''
      string: '{"creator":"<gbif_user>","notification_address":["<gbif_user>@gbif.org"],"format":"DWCA","predicate":{"type":"and","predicates":[{"type":"equals","key":"CATALOG_NUMBER","value":"Bird.27847588"},{"type":"equals","key":"YEAR","value":"1971"},{"type":"equals","key":"MONTH","value":"4"}]}}'
    headers:
      Accept-Encoding: gzip, deflate
      Content-Type: application/json
      Accept: application/json
  response:
    status:
      status_code: '420'
      message: Enhance Your Calm
      explanation: Returned by version 1 of the Twitter Search and Trends API when
        the client is being rate limited (Twitter)
    headers:
      status: HTTP/1.1 420 Unknown HTTP Status
      content-type: application/json
    body:
      encoding: ''
      file: no
      string: |
        A download limitation is exceeded:
        User <gbif_user> has too many simultaneous downloads; the limit is 3.
        Please wait for some to complete, or cancel any unwanted downloads.  See your user page.
  recorded_at: 2023-03-22 13:15:43 GMT
  recorded_with: vcr/1.2.0, webmockr/0.8.2
- request:
    method: post
    uri: https://api.gbif-uat.org/v1/occurrence/download/request
    body:
      encoding: ''
      string: '{"creator":"<gbif_user>","notification_address":["<gbif_user>@gbif.org"],"format":"DWCA","predicate":{"type":"and","predicates":[{"type":"equals","key":"TAXON_KEY","value":"2435240"},{"type":"equals","key":"YEAR","value":"1974"},{"type":"equals","key":"MONTH","value":"2"}]}}'
    headers:
      Accept-Encoding: gzip, deflate
      Content-Type: application/json
      Accept: application/json
  response:
    status:
      status_code: '420'
      message: Enhance Your Calm
      explanation: Returned by version 1 of the Twitter Search and Trends API when
        the client is being rate limited (Twitter)
    headers:
      status: HTTP/1.1 420 Unknown HTTP Status
      content-type: application/json
    body:
      encoding: ''
      file: no
      string: |
        A download limitation is exceeded:
        User <gbif_user> has too many simultaneous downloads; the limit is 3.
        Please wait for some to complete, or cancel any unwanted downloads.  See your user page.
  recorded_at: 2023-03-22 13:15:43 GMT
  recorded_with: vcr/1.2.0, webmockr/0.8.2
- request:
    method: get
    uri: https://api.gbif-uat.org/v1/occurrence/download/0000828-221031180420232
    body:
      encoding: ''
      string: ''
    headers:
      Accept-Encoding: gzip, deflate
      Accept: application/json, text/xml, application/xml, */*
  response:
    status:
      status_code: '200'
      message: OK
      explanation: Request fulfilled, document follows
    headers:
      status: HTTP/1.1 200 OK
      content-type: application/json
    body:
      encoding: ''
      file: no
      string: '{"key":"0000828-221031180420232","doi":"10.21373/dl.ewj44z","license":"unspecified","request":{"predicate":{"type":"and","predicates":[{"type":"equals","key":"COUNTRY","value":"NZ","matchCase":false},{"type":"equals","key":"YEAR","value":"1993","matchCase":false},{"type":"equals","key":"MONTH","value":"1","matchCase":false}]},"sendNotification":false,"format":"DWCA","type":"OCCURRENCE","verbatimExtensions":[]},"created":"2023-03-22T13:14:38.886+00:00","modified":"2023-03-22T13:14:38.973+00:00","eraseAfter":"2023-09-22T13:14:38.810+00:00","status":"RUNNING","downloadLink":"https://api.gbif-uat.org/v1/occurrence/download/request/0000828-221031180420232.zip","size":0,"totalRecords":0,"numberDatasets":0}'
  recorded_at: 2023-03-22 13:15:43 GMT
  recorded_with: vcr/1.2.0, webmockr/0.8.2
- request:
    method: get
    uri: https://api.gbif-uat.org/v1/occurrence/download/0000828-221031180420232
    body:
      encoding: ''
      string: ''
    headers:
      Accept-Encoding: gzip, deflate
      Accept: application/json, text/xml, application/xml, */*
  response:
    status:
      status_code: '200'
      message: OK
      explanation: Request fulfilled, document follows
    headers:
      status: HTTP/1.1 200 OK
      content-type: application/json
    body:
      encoding: ''
      file: no
      string: '{"key":"0000828-221031180420232","doi":"10.21373/dl.ewj44z","license":"unspecified","request":{"predicate":{"type":"and","predicates":[{"type":"equals","key":"COUNTRY","value":"NZ","matchCase":false},{"type":"equals","key":"YEAR","value":"1993","matchCase":false},{"type":"equals","key":"MONTH","value":"1","matchCase":false}]},"sendNotification":false,"format":"DWCA","type":"OCCURRENCE","verbatimExtensions":[]},"created":"2023-03-22T13:14:38.886+00:00","modified":"2023-03-22T13:14:38.973+00:00","eraseAfter":"2023-09-22T13:14:38.810+00:00","status":"RUNNING","downloadLink":"https://api.gbif-uat.org/v1/occurrence/download/request/0000828-221031180420232.zip","size":0,"totalRecords":0,"numberDatasets":0}'
  recorded_at: 2023-03-22 13:15:43 GMT
  recorded_with: vcr/1.2.0, webmockr/0.8.2
- request:
    method: get
    uri: https://api.gbif-uat.org/v1/occurrence/download/0000828-221031180420232
    body:
      encoding: ''
      string: ''
    headers:
      Accept-Encoding: gzip, deflate
      Accept: application/json, text/xml, application/xml, */*
  response:
    status:
      status_code: '200'
      message: OK
      explanation: Request fulfilled, document follows
    headers:
      status: HTTP/1.1 200 OK
      content-type: application/json
    body:
      encoding: ''
      file: no
      string: '{"key":"0000828-221031180420232","doi":"10.21373/dl.ewj44z","license":"unspecified","request":{"predicate":{"type":"and","predicates":[{"type":"equals","key":"COUNTRY","value":"NZ","matchCase":false},{"type":"equals","key":"YEAR","value":"1993","matchCase":false},{"type":"equals","key":"MONTH","value":"1","matchCase":false}]},"sendNotification":false,"format":"DWCA","type":"OCCURRENCE","verbatimExtensions":[]},"created":"2023-03-22T13:14:38.886+00:00","modified":"2023-03-22T13:14:53.945+00:00","eraseAfter":"2023-09-22T13:14:38.810+00:00","status":"RUNNING","downloadLink":"https://api.gbif-uat.org/v1/occurrence/download/request/0000828-221031180420232.zip","size":0,"totalRecords":1424,"numberDatasets":0}'
  recorded_at: 2023-03-22 13:15:43 GMT
  recorded_with: vcr/1.2.0, webmockr/0.8.2
- request:
    method: get
    uri: https://api.gbif-uat.org/v1/occurrence/download/0000828-221031180420232
    body:
      encoding: ''
      string: ''
    headers:
      Accept-Encoding: gzip, deflate
      Accept: application/json, text/xml, application/xml, */*
  response:
    status:
      status_code: '200'
      message: OK
      explanation: Request fulfilled, document follows
    headers:
      status: HTTP/1.1 200 OK
      content-type: application/json
    body:
      encoding: ''
      file: no
      string: '{"key":"0000828-221031180420232","doi":"10.21373/dl.ewj44z","license":"unspecified","request":{"predicate":{"type":"and","predicates":[{"type":"equals","key":"COUNTRY","value":"NZ","matchCase":false},{"type":"equals","key":"YEAR","value":"1993","matchCase":false},{"type":"equals","key":"MONTH","value":"1","matchCase":false}]},"sendNotification":false,"format":"DWCA","type":"OCCURRENCE","verbatimExtensions":[]},"created":"2023-03-22T13:14:38.886+00:00","modified":"2023-03-22T13:14:53.945+00:00","eraseAfter":"2023-09-22T13:14:38.810+00:00","status":"RUNNING","downloadLink":"https://api.gbif-uat.org/v1/occurrence/download/request/0000828-221031180420232.zip","size":0,"totalRecords":1424,"numberDatasets":0}'
  recorded_at: 2023-03-22 13:15:43 GMT
  recorded_with: vcr/1.2.0, webmockr/0.8.2
- request:
    method: get
    uri: https://api.gbif-uat.org/v1/occurrence/download/0000828-221031180420232
    body:
      encoding: ''
      string: ''
    headers:
      Accept-Encoding: gzip, deflate
      Accept: application/json, text/xml, application/xml, */*
  response:
    status:
      status_code: '200'
      message: OK
      explanation: Request fulfilled, document follows
    headers:
      status: HTTP/1.1 200 OK
      content-type: application/json
    body:
      encoding: ''
      file: no
      string: '{"key":"0000828-221031180420232","doi":"10.21373/dl.ewj44z","license":"http://creativecommons.org/licenses/by-nc/4.0/legalcode","request":{"predicate":{"type":"and","predicates":[{"type":"equals","key":"COUNTRY","value":"NZ","matchCase":false},{"type":"equals","key":"YEAR","value":"1993","matchCase":false},{"type":"equals","key":"MONTH","value":"1","matchCase":false}]},"sendNotification":false,"format":"DWCA","type":"OCCURRENCE","verbatimExtensions":[]},"created":"2023-03-22T13:14:38.886+00:00","modified":"2023-03-22T13:15:19.255+00:00","eraseAfter":"2023-09-22T13:14:38.810+00:00","status":"RUNNING","downloadLink":"https://api.gbif-uat.org/v1/occurrence/download/request/0000828-221031180420232.zip","size":0,"totalRecords":1424,"numberDatasets":29}'
  recorded_at: 2023-03-22 13:15:43 GMT
  recorded_with: vcr/1.2.0, webmockr/0.8.2
- request:
    method: get
    uri: https://api.gbif-uat.org/v1/occurrence/download/0000828-221031180420232
    body:
      encoding: ''
      string: ''
    headers:
      Accept-Encoding: gzip, deflate
      Accept: application/json, text/xml, application/xml, */*
  response:
    status:
      status_code: '200'
      message: OK
      explanation: Request fulfilled, document follows
    headers:
      status: HTTP/1.1 200 OK
      content-type: application/json
    body:
      encoding: ''
      file: no
      string: '{"key":"0000828-221031180420232","doi":"10.21373/dl.ewj44z","license":"http://creativecommons.org/licenses/by-nc/4.0/legalcode","request":{"predicate":{"type":"and","predicates":[{"type":"equals","key":"COUNTRY","value":"NZ","matchCase":false},{"type":"equals","key":"YEAR","value":"1993","matchCase":false},{"type":"equals","key":"MONTH","value":"1","matchCase":false}]},"sendNotification":false,"format":"DWCA","type":"OCCURRENCE","verbatimExtensions":[]},"created":"2023-03-22T13:14:38.886+00:00","modified":"2023-03-22T13:15:23.014+00:00","eraseAfter":"2023-09-22T13:14:38.810+00:00","status":"SUCCEEDED","downloadLink":"https://api.gbif-uat.org/v1/occurrence/download/request/0000828-221031180420232.zip","size":280575,"totalRecords":1424,"numberDatasets":29}'
  recorded_at: 2023-03-22 13:15:43 GMT
  recorded_with: vcr/1.2.0, webmockr/0.8.2
